Component: ARM Compiler 5.06 update 7 (build 960) Tool: armlink [4d3601]

==============================================================================

Section Cross References

    startup_hc32f460.o(RESET) refers to startup_hc32f460.o(STACK) for __initial_sp
    startup_hc32f460.o(RESET) refers to startup_hc32f460.o(.text) for Reset_Handler
    startup_hc32f460.o(RESET) refers to hc32f460_interrupts.o(i.NMI_Handler) for NMI_Handler
    startup_hc32f460.o(RESET) refers to hc32f460_interrupts.o(i.HardFault_Handler) for HardFault_Handler
    startup_hc32f460.o(RESET) refers to hc32f460_interrupts.o(i.MemManage_Handler) for MemManage_Handler
    startup_hc32f460.o(RESET) refers to hc32f460_interrupts.o(i.BusFault_Handler) for BusFault_Handler
    startup_hc32f460.o(RESET) refers to hc32f460_interrupts.o(i.UsageFault_Handler) for UsageFault_Handler
    startup_hc32f460.o(RESET) refers to hc32f460_interrupts.o(i.SVC_Handler) for SVC_Handler
    startup_hc32f460.o(RESET) refers to hc32f460_interrupts.o(i.DebugMon_Handler) for DebugMon_Handler
    startup_hc32f460.o(RESET) refers to hc32f460_interrupts.o(i.PendSV_Handler) for PendSV_Handler
    startup_hc32f460.o(RESET) refers to hc32f460_interrupts.o(i.SysTick_Handler) for SysTick_Handler
    startup_hc32f460.o(RESET) refers to hc32f460_interrupts.o(i.IRQ000_Handler) for IRQ000_Handler
    startup_hc32f460.o(RESET) refers to hc32f460_interrupts.o(i.IRQ001_Handler) for IRQ001_Handler
    startup_hc32f460.o(RESET) refers to hc32f460_interrupts.o(i.IRQ002_Handler) for IRQ002_Handler
    startup_hc32f460.o(RESET) refers to hc32f460_interrupts.o(i.IRQ003_Handler) for IRQ003_Handler
    startup_hc32f460.o(RESET) refers to hc32f460_interrupts.o(i.IRQ004_Handler) for IRQ004_Handler
    startup_hc32f460.o(RESET) refers to hc32f460_interrupts.o(i.IRQ005_Handler) for IRQ005_Handler
    startup_hc32f460.o(RESET) refers to hc32f460_interrupts.o(i.IRQ006_Handler) for IRQ006_Handler
    startup_hc32f460.o(RESET) refers to hc32f460_interrupts.o(i.IRQ007_Handler) for IRQ007_Handler
    startup_hc32f460.o(RESET) refers to hc32f460_interrupts.o(i.IRQ008_Handler) for IRQ008_Handler
    startup_hc32f460.o(RESET) refers to hc32f460_interrupts.o(i.IRQ009_Handler) for IRQ009_Handler
    startup_hc32f460.o(RESET) refers to hc32f460_interrupts.o(i.IRQ010_Handler) for IRQ010_Handler
    startup_hc32f460.o(RESET) refers to hc32f460_interrupts.o(i.IRQ011_Handler) for IRQ011_Handler
    startup_hc32f460.o(RESET) refers to hc32f460_interrupts.o(i.IRQ012_Handler) for IRQ012_Handler
    startup_hc32f460.o(RESET) refers to hc32f460_interrupts.o(i.IRQ013_Handler) for IRQ013_Handler
    startup_hc32f460.o(RESET) refers to hc32f460_interrupts.o(i.IRQ014_Handler) for IRQ014_Handler
    startup_hc32f460.o(RESET) refers to hc32f460_interrupts.o(i.IRQ015_Handler) for IRQ015_Handler
    startup_hc32f460.o(RESET) refers to hc32f460_interrupts.o(i.IRQ016_Handler) for IRQ016_Handler
    startup_hc32f460.o(RESET) refers to hc32f460_interrupts.o(i.IRQ017_Handler) for IRQ017_Handler
    startup_hc32f460.o(RESET) refers to hc32f460_interrupts.o(i.IRQ018_Handler) for IRQ018_Handler
    startup_hc32f460.o(RESET) refers to hc32f460_interrupts.o(i.IRQ019_Handler) for IRQ019_Handler
    startup_hc32f460.o(RESET) refers to hc32f460_interrupts.o(i.IRQ020_Handler) for IRQ020_Handler
    startup_hc32f460.o(RESET) refers to hc32f460_interrupts.o(i.IRQ021_Handler) for IRQ021_Handler
    startup_hc32f460.o(RESET) refers to hc32f460_interrupts.o(i.IRQ022_Handler) for IRQ022_Handler
    startup_hc32f460.o(RESET) refers to hc32f460_interrupts.o(i.IRQ023_Handler) for IRQ023_Handler
    startup_hc32f460.o(RESET) refers to hc32f460_interrupts.o(i.IRQ024_Handler) for IRQ024_Handler
    startup_hc32f460.o(RESET) refers to hc32f460_interrupts.o(i.IRQ025_Handler) for IRQ025_Handler
    startup_hc32f460.o(RESET) refers to hc32f460_interrupts.o(i.IRQ026_Handler) for IRQ026_Handler
    startup_hc32f460.o(RESET) refers to hc32f460_interrupts.o(i.IRQ027_Handler) for IRQ027_Handler
    startup_hc32f460.o(RESET) refers to hc32f460_interrupts.o(i.IRQ028_Handler) for IRQ028_Handler
    startup_hc32f460.o(RESET) refers to hc32f460_interrupts.o(i.IRQ029_Handler) for IRQ029_Handler
    startup_hc32f460.o(RESET) refers to hc32f460_interrupts.o(i.IRQ030_Handler) for IRQ030_Handler
    startup_hc32f460.o(RESET) refers to hc32f460_interrupts.o(i.IRQ031_Handler) for IRQ031_Handler
    startup_hc32f460.o(RESET) refers to hc32f460_interrupts.o(i.IRQ032_Handler) for IRQ032_Handler
    startup_hc32f460.o(RESET) refers to hc32f460_interrupts.o(i.IRQ033_Handler) for IRQ033_Handler
    startup_hc32f460.o(RESET) refers to hc32f460_interrupts.o(i.IRQ034_Handler) for IRQ034_Handler
    startup_hc32f460.o(RESET) refers to hc32f460_interrupts.o(i.IRQ035_Handler) for IRQ035_Handler
    startup_hc32f460.o(RESET) refers to hc32f460_interrupts.o(i.IRQ036_Handler) for IRQ036_Handler
[...]
    __ARM_use_no_argv                        0x00000000   Number         0  main.o ABSOLUTE
    __Vectors                                0x00000000   Data           4  startup_hc32f460.o(RESET)
    BusFault_IrqHandler                       - Undefined Weak Reference
    DebugMon_IrqHandler                       - Undefined Weak Reference
    HardFault_IrqHandler                      - Undefined Weak Reference
    MemManage_IrqHandler                      - Undefined Weak Reference
    PendSV_IrqHandler                         - Undefined Weak Reference
    SVC_IrqHandler                            - Undefined Weak Reference
    SysTick_IrqHandler                        - Undefined Weak Reference
    UsageFault_IrqHandler                     - Undefined Weak Reference
    __arm_fini_                               - Undefined Weak Reference
    __cpp_initialize__aeabi_                  - Undefined Weak Reference
    __cxa_finalize                            - Undefined Weak Reference
    _clock_init                               - Undefined Weak Reference
    _microlib_exit                            - Undefined Weak Reference
    __Vectors_End                            0x00000280   Data           0  startup_hc32f460.o(RESET)
    __Vectors_Size                           0x00000280   Number         0  startup_hc32f460.o ABSOLUTE
    __main                                   0x00000281   Thumb Code     0  entry.o(.ARM.Collect$$$$00000000)
    _main_stk                                0x00000281   Thumb Code     0  entry2.o(.ARM.Collect$$$$00000001)
    _main_scatterload                        0x00000285   Thumb Code     0  entry5.o(.ARM.Collect$$$$00000004)
    __main_after_scatterload                 0x00000289   Thumb Code     0  entry5.o(.ARM.Collect$$$$00000004)
    _main_clock                              0x00000289   Thumb Code     0  entry7b.o(.ARM.Collect$$$$00000008)
    _main_cpp_init                           0x00000289   Thumb Code     0  entry8b.o(.ARM.Collect$$$$0000000A)
    _main_init                               0x00000289   Thumb Code     0  entry9a.o(.ARM.Collect$$$$0000000B)
    __rt_lib_shutdown_fini                   0x00000291   Thumb Code     0  entry12b.o(.ARM.Collect$$$$0000000E)
    __rt_final_cpp                           0x00000295   Thumb Code     0  entry10a.o(.ARM.Collect$$$$0000000F)
    __rt_final_exit                          0x00000295   Thumb Code     0  entry11a.o(.ARM.Collect$$$$00000011)
    Reset_Handler                            0x00000299   Thumb Code    48  startup_hc32f460.o(.text)
    IRQ128_Handler                           0x000002db   Thumb Code     0  startup_hc32f460.o(.text)
    IRQ129_Handler                           0x000002db   Thumb Code     0  startup_hc32f460.o(.text)
    IRQ130_Handler                           0x000002db   Thumb Code     0  startup_hc32f460.o(.text)
    IRQ131_Handler                           0x000002db   Thumb Code     0  startup_hc32f460.o(.text)
    IRQ132_Handler                           0x000002db   Thumb Code     0  startup_hc32f460.o(.text)
    IRQ133_Handler                           0x000002db   Thumb Code     0  startup_hc32f460.o(.text)
    IRQ134_Handler                           0x000002db   Thumb Code     0  startup_hc32f460.o(.text)
    IRQ135_Handler                           0x000002db   Thumb Code     0  startup_hc32f460.o(.text)
    IRQ136_Handler                           0x000002db   Thumb Code     0  startup_hc32f460.o(.text)
    IRQ137_Handler                           0x000002db   Thumb Code     0  startup_hc32f460.o(.text)
    IRQ138_Handler                           0x000002db   Thumb Code     0  startup_hc32f460.o(.text)
    IRQ139_Handler                           0x000002db   Thumb Code     0  startup_hc32f460.o(.text)
    IRQ140_Handler                           0x000002db   Thumb Code     0  startup_hc32f460.o(.text)
    IRQ141_Handler                           0x000002db   Thumb Code     0  startup_hc32f460.o(.text)
    IRQ142_Handler                           0x000002db   Thumb Code     0  startup_hc32f460.o(.text)
    IRQ143_Handler                           0x000002db   Thumb Code     0  startup_hc32f460.o(.text)
    __aeabi_uldivmod                         0x000002f1   Thumb Code    98  uldiv.o(.text)
    __aeabi_memcpy                           0x00000353   Thumb Code    36  memcpya.o(.text)
    __aeabi_memcpy4                          0x00000353   Thumb Code     0  memcpya.o(.text)
    __aeabi_memcpy8                          0x00000353   Thumb Code     0  memcpya.o(.text)
    __aeabi_memset                           0x00000377   Thumb Code    14  memseta.o(.text)
    __aeabi_memset4                          0x00000377   Thumb Code     0  memseta.o(.text)
    __aeabi_memset8                          0x00000377   Thumb Code     0  memseta.o(.text)
    __aeabi_memclr                           0x00000385   Thumb Code     4  memseta.o(.text)
    __aeabi_memclr4                          0x00000385   Thumb Code     0  memseta.o(.text)
    __aeabi_memclr8                          0x00000385   Thumb Code     0  memseta.o(.text)
    _memset$wrapper                          0x00000389   Thumb Code    18  memseta.o(.text)
    __aeabi_llsl                             0x0000039b   Thumb Code    30  llshl.o(.text)
    _ll_shift_l                              0x0000039b   Thumb Code     0  llshl.o(.text)
    __aeabi_llsr                             0x000003b9   Thumb Code    32  llushr.o(.text)
    _ll_ushift_r                             0x000003b9   Thumb Code     0  llushr.o(.text)
    __scatterload                            0x000003d9   Thumb Code    28  init.o(.text)
    __scatterload_rt2                        0x000003d9   Thumb Code     0  init.o(.text)
    Ddl_AssertHandler                        0x000003fd   Thumb Code     4  hc32f460_utility.o(i.Ddl_AssertHandler)
    u32ICG                                   0x00000400   Data          32  hc32f460_icg.o(.ARM.__AT_0x00000400)
    __decompress                             0x00000421   Thumb Code     0  __dczerorl.o(.text)
    __decompress0                            0x00000421   Thumb Code    58  __dczerorl.o(.text)
    BSP_CLK_Init                             0x0000045b   Thumb Code   212  ev_hc32f460_lqfp100_v2.o(i.BSP_CLK_Init)
    BusFault_Handler                         0x00000625   Thumb Code     8  hc32f460_interrupts.o(i.BusFault_Handler)
    CLK_GetFlagStatus                        0x0000062d   Thumb Code   152  hc32f460_clk.o(i.CLK_GetFlagStatus)
    CLK_MpllCmd                              0x000006f5   Thumb Code   162  hc32f460_clk.o(i.CLK_MpllCmd)
    CLK_MpllConfig                           0x000007cd   Thumb Code   372  hc32f460_clk.o(i.CLK_MpllConfig)
    CLK_SetPllSource                         0x0000098d   Thumb Code    80  hc32f460_clk.o(i.CLK_SetPllSource)
    CLK_SetSysClkSource                      0x00000a11   Thumb Code   240  hc32f460_clk.o(i.CLK_SetSysClkSource)
    CLK_SetUsbClkSource                      0x00000b41   Thumb Code    90  hc32f460_clk.o(i.CLK_SetUsbClkSource)
    CLK_SysClkConfig                         0x00000bd1   Thumb Code   366  hc32f460_clk.o(i.CLK_SysClkConfig)
    CLK_UpllCmd                              0x00000d81   Thumb Code   164  hc32f460_clk.o(i.CLK_UpllCmd)
    CLK_UpllConfig                           0x00000e59   Thumb Code   380  hc32f460_clk.o(i.CLK_UpllConfig)
    CLK_XtalCmd                              0x00001021   Thumb Code   230  hc32f460_clk.o(i.CLK_XtalCmd)
    CLK_XtalConfig                           0x00001141   Thumb Code    92  hc32f460_clk.o(i.CLK_XtalConfig)
    Ddl_Delay1ms                             0x000011a5   Thumb Code    40  hc32f460_utility.o(i.Ddl_Delay1ms)
    DebugMon_Handler                         0x000011d1   Thumb Code     8  hc32f460_interrupts.o(i.DebugMon_Handler)
    EFM_ClearFlag                            0x000011d9   Thumb Code     6  hc32f460_efm.o(i.EFM_ClearFlag)
    EFM_ErasePgmCmd                          0x000011e5   Thumb Code    40  hc32f460_efm.o(i.EFM_ErasePgmCmd)
    EFM_FlashCmd                             0x0000123d   Thumb Code    48  hc32f460_efm.o(i.EFM_FlashCmd)
    EFM_Lock                                 0x0000129d   Thumb Code    20  hc32f460_efm.o(i.EFM_Lock)
    EFM_SectorErase                          0x000012b5   Thumb Code   164  hc32f460_efm.o(i.EFM_SectorErase)
    EFM_SetLatency                           0x00001391   Thumb Code    94  hc32f460_efm.o(i.EFM_SetLatency)
    EFM_SingleProgram                        0x00001421   Thumb Code   178  hc32f460_efm.o(i.EFM_SingleProgram)
    EFM_Unlock                               0x00001509   Thumb Code    16  hc32f460_efm.o(i.EFM_Unlock)
    HardFault_Handler                        0x0000151d   Thumb Code     8  hc32f460_interrupts.o(i.HardFault_Handler)
    IRQ000_Handler                           0x00001525   Thumb Code    16  hc32f460_interrupts.o(i.IRQ000_Handler)
    IRQ001_Handler                           0x00001539   Thumb Code    16  hc32f460_interrupts.o(i.IRQ001_Handler)
    IRQ002_Handler                           0x0000154d   Thumb Code    16  hc32f460_interrupts.o(i.IRQ002_Handler)
    IRQ003_Handler                           0x00001561   Thumb Code    16  hc32f460_interrupts.o(i.IRQ003_Handler)
    IRQ004_Handler                           0x00001575   Thumb Code    16  hc32f460_interrupts.o(i.IRQ004_Handler)
    IRQ005_Handler                           0x00001589   Thumb Code    16  hc32f460_interrupts.o(i.IRQ005_Handler)
    IRQ006_Handler                           0x0000159d   Thumb Code    16  hc32f460_interrupts.o(i.IRQ006_Handler)
    IRQ007_Handler                           0x000015b1   Thumb Code    16  hc32f460_interrupts.o(i.IRQ007_Handler)
    IRQ008_Handler                           0x000015c5   Thumb Code    16  hc32f460_interrupts.o(i.IRQ008_Handler)
    IRQ009_Handler                           0x000015d9   Thumb Code    16  hc32f460_interrupts.o(i.IRQ009_Handler)
    IRQ010_Handler                           0x000015ed   Thumb Code    16  hc32f460_interrupts.o(i.IRQ010_Handler)
    IRQ011_Handler                           0x00001601   Thumb Code    16  hc32f460_interrupts.o(i.IRQ011_Handler)
    IRQ012_Handler                           0x00001615   Thumb Code    16  hc32f460_interrupts.o(i.IRQ012_Handler)
    IRQ013_Handler                           0x00001629   Thumb Code    16  hc32f460_interrupts.o(i.IRQ013_Handler)
    IRQ014_Handler                           0x0000163d   Thumb Code    16  hc32f460_interrupts.o(i.IRQ014_Handler)
    IRQ015_Handler                           0x00001651   Thumb Code    16  hc32f460_interrupts.o(i.IRQ015_Handler)
    IRQ016_Handler                           0x00001665   Thumb Code    16  hc32f460_interrupts.o(i.IRQ016_Handler)
    IRQ017_Handler                           0x00001679   Thumb Code    16  hc32f460_interrupts.o(i.IRQ017_Handler)
    IRQ018_Handler                           0x0000168d   Thumb Code    16  hc32f460_interrupts.o(i.IRQ018_Handler)
    IRQ019_Handler                           0x000016a1   Thumb Code    16  hc32f460_interrupts.o(i.IRQ019_Handler)
    IRQ020_Handler                           0x000016b5   Thumb Code    16  hc32f460_interrupts.o(i.IRQ020_Handler)
    IRQ021_Handler                           0x000016c9   Thumb Code    16  hc32f460_interrupts.o(i.IRQ021_Handler)
    IRQ022_Handler                           0x000016dd   Thumb Code    16  hc32f460_interrupts.o(i.IRQ022_Handler)
    IRQ023_Handler                           0x000016f1   Thumb Code    16  hc32f460_interrupts.o(i.IRQ023_Handler)
    IRQ024_Handler                           0x00001705   Thumb Code    16  hc32f460_interrupts.o(i.IRQ024_Handler)
    IRQ025_Handler                           0x00001719   Thumb Code    16  hc32f460_interrupts.o(i.IRQ025_Handler)
    IRQ026_Handler                           0x0000172d   Thumb Code    16  hc32f460_interrupts.o(i.IRQ026_Handler)
    IRQ027_Handler                           0x00001741   Thumb Code    16  hc32f460_interrupts.o(i.IRQ027_Handler)
    IRQ028_Handler                           0x00001755   Thumb Code    16  hc32f460_interrupts.o(i.IRQ028_Handler)
    IRQ029_Handler                           0x00001769   Thumb Code    16  hc32f460_interrupts.o(i.IRQ029_Handler)
    IRQ030_Handler                           0x0000177d   Thumb Code    16  hc32f460_interrupts.o(i.IRQ030_Handler)
    IRQ031_Handler                           0x00001791   Thumb Code    16  hc32f460_interrupts.o(i.IRQ031_Handler)
    IRQ032_Handler                           0x000017a5   Thumb Code    20  hc32f460_interrupts.o(i.IRQ032_Handler)
    IRQ033_Handler                           0x000017bd   Thumb Code    20  hc32f460_interrupts.o(i.IRQ033_Handler)
    IRQ034_Handler                           0x000017d5   Thumb Code    20  hc32f460_interrupts.o(i.IRQ034_Handler)
    IRQ035_Handler                           0x000017ed   Thumb Code    20  hc32f460_interrupts.o(i.IRQ035_Handler)
    IRQ036_Handler                           0x00001805   Thumb Code    20  hc32f460_interrupts.o(i.IRQ036_Handler)
    IRQ037_Handler                           0x0000181d   Thumb Code    20  hc32f460_interrupts.o(i.IRQ037_Handler)
    IRQ038_Handler                           0x00001835   Thumb Code    20  hc32f460_interrupts.o(i.IRQ038_Handler)
    IRQ039_Handler                           0x0000184d   Thumb Code    20  hc32f460_interrupts.o(i.IRQ039_Handler)
    IRQ040_Handler                           0x00001865   Thumb Code    20  hc32f460_interrupts.o(i.IRQ040_Handler)
    IRQ041_Handler                           0x0000187d   Thumb Code    20  hc32f460_interrupts.o(i.IRQ041_Handler)
    IRQ042_Handler                           0x00001895   Thumb Code    20  hc32f460_interrupts.o(i.IRQ042_Handler)
    IRQ043_Handler                           0x000018ad   Thumb Code    20  hc32f460_interrupts.o(i.IRQ043_Handler)
    IRQ044_Handler                           0x000018c5   Thumb Code    20  hc32f460_interrupts.o(i.IRQ044_Handler)
    IRQ045_Handler                           0x000018dd   Thumb Code    20  hc32f460_interrupts.o(i.IRQ045_Handler)
    IRQ046_Handler                           0x000018f5   Thumb Code    20  hc32f460_interrupts.o(i.IRQ046_Handler)
    IRQ047_Handler                           0x0000190d   Thumb Code    20  hc32f460_interrupts.o(i.IRQ047_Handler)
    IRQ048_Handler                           0x00001925   Thumb Code    20  hc32f460_interrupts.o(i.IRQ048_Handler)
    IRQ049_Handler                           0x0000193d   Thumb Code    20  hc32f460_interrupts.o(i.IRQ049_Handler)
    IRQ050_Handler                           0x00001955   Thumb Code    20  hc32f460_interrupts.o(i.IRQ050_Handler)
    IRQ051_Handler                           0x0000196d   Thumb Code    20  hc32f460_interrupts.o(i.IRQ051_Handler)
    IRQ052_Handler                           0x00001985   Thumb Code    20  hc32f460_interrupts.o(i.IRQ052_Handler)
    IRQ053_Handler                           0x0000199d   Thumb Code    20  hc32f460_interrupts.o(i.IRQ053_Handler)
    IRQ054_Handler                           0x000019b5   Thumb Code    20  hc32f460_interrupts.o(i.IRQ054_Handler)
    IRQ055_Handler                           0x000019cd   Thumb Code    20  hc32f460_interrupts.o(i.IRQ055_Handler)
    IRQ056_Handler                           0x000019e5   Thumb Code    20  hc32f460_interrupts.o(i.IRQ056_Handler)
    IRQ057_Handler                           0x000019fd   Thumb Code    20  hc32f460_interrupts.o(i.IRQ057_Handler)
    IRQ058_Handler                           0x00001a15   Thumb Code    20  hc32f460_interrupts.o(i.IRQ058_Handler)
    IRQ059_Handler                           0x00001a2d   Thumb Code    20  hc32f460_interrupts.o(i.IRQ059_Handler)
    IRQ060_Handler                           0x00001a45   Thumb Code    20  hc32f460_interrupts.o(i.IRQ060_Handler)
    IRQ061_Handler                           0x00001a5d   Thumb Code    20  hc32f460_interrupts.o(i.IRQ061_Handler)
    IRQ062_Handler                           0x00001a75   Thumb Code    20  hc32f460_interrupts.o(i.IRQ062_Handler)
    IRQ063_Handler                           0x00001a8d   Thumb Code    20  hc32f460_interrupts.o(i.IRQ063_Handler)
    IRQ064_Handler                           0x00001aa5   Thumb Code    20  hc32f460_interrupts.o(i.IRQ064_Handler)
    IRQ065_Handler                           0x00001abd   Thumb Code    20  hc32f460_interrupts.o(i.IRQ065_Handler)
    IRQ066_Handler                           0x00001ad5   Thumb Code    20  hc32f460_interrupts.o(i.IRQ066_Handler)
    IRQ067_Handler                           0x00001aed   Thumb Code    20  hc32f460_interrupts.o(i.IRQ067_Handler)
    IRQ068_Handler                           0x00001b05   Thumb Code    20  hc32f460_interrupts.o(i.IRQ068_Handler)
    IRQ069_Handler                           0x00001b1d   Thumb Code    20  hc32f460_interrupts.o(i.IRQ069_Handler)
    IRQ070_Handler                           0x00001b35   Thumb Code    20  hc32f460_interrupts.o(i.IRQ070_Handler)
    IRQ071_Handler                           0x00001b4d   Thumb Code    20  hc32f460_interrupts.o(i.IRQ071_Handler)
    IRQ072_Handler                           0x00001b65   Thumb Code    20  hc32f460_interrupts.o(i.IRQ072_Handler)
    IRQ073_Handler                           0x00001b7d   Thumb Code    20  hc32f460_interrupts.o(i.IRQ073_Handler)
    IRQ074_Handler                           0x00001b95   Thumb Code    20  hc32f460_interrupts.o(i.IRQ074_Handler)
    IRQ075_Handler                           0x00001bad   Thumb Code    20  hc32f460_interrupts.o(i.IRQ075_Handler)
    IRQ076_Handler                           0x00001bc5   Thumb Code    20  hc32f460_interrupts.o(i.IRQ076_Handler)
    IRQ077_Handler                           0x00001bdd   Thumb Code    20  hc32f460_interrupts.o(i.IRQ077_Handler)
    IRQ078_Handler                           0x00001bf5   Thumb Code    20  hc32f460_interrupts.o(i.IRQ078_Handler)
    IRQ079_Handler                           0x00001c0d   Thumb Code    20  hc32f460_interrupts.o(i.IRQ079_Handler)
    IRQ080_Handler                           0x00001c25   Thumb Code    20  hc32f460_interrupts.o(i.IRQ080_Handler)
    IRQ081_Handler                           0x00001c3d   Thumb Code    20  hc32f460_interrupts.o(i.IRQ081_Handler)
    IRQ082_Handler                           0x00001c55   Thumb Code    20  hc32f460_interrupts.o(i.IRQ082_Handler)
    IRQ083_Handler                           0x00001c6d   Thumb Code    20  hc32f460_interrupts.o(i.IRQ083_Handler)
    IRQ084_Handler                           0x00001c85   Thumb Code    20  hc32f460_interrupts.o(i.IRQ084_Handler)
    IRQ085_Handler                           0x00001c9d   Thumb Code    20  hc32f460_interrupts.o(i.IRQ085_Handler)
    IRQ086_Handler                           0x00001cb5   Thumb Code    20  hc32f460_interrupts.o(i.IRQ086_Handler)
    IRQ087_Handler                           0x00001ccd   Thumb Code    20  hc32f460_interrupts.o(i.IRQ087_Handler)
    IRQ088_Handler                           0x00001ce5   Thumb Code    20  hc32f460_interrupts.o(i.IRQ088_Handler)
    IRQ089_Handler                           0x00001cfd   Thumb Code    20  hc32f460_interrupts.o(i.IRQ089_Handler)
    IRQ090_Handler                           0x00001d15   Thumb Code    20  hc32f460_interrupts.o(i.IRQ090_Handler)
    IRQ091_Handler                           0x00001d2d   Thumb Code    20  hc32f460_interrupts.o(i.IRQ091_Handler)
    IRQ092_Handler                           0x00001d45   Thumb Code    20  hc32f460_interrupts.o(i.IRQ092_Handler)
    IRQ093_Handler                           0x00001d5d   Thumb Code    20  hc32f460_interrupts.o(i.IRQ093_Handler)
    IRQ094_Handler                           0x00001d75   Thumb Code    20  hc32f460_interrupts.o(i.IRQ094_Handler)
    IRQ095_Handler                           0x00001d8d   Thumb Code    20  hc32f460_interrupts.o(i.IRQ095_Handler)
    IRQ096_Handler                           0x00001da5   Thumb Code    20  hc32f460_interrupts.o(i.IRQ096_Handler)
    IRQ097_Handler                           0x00001dbd   Thumb Code    20  hc32f460_interrupts.o(i.IRQ097_Handler)
    IRQ098_Handler                           0x00001dd5   Thumb Code    20  hc32f460_interrupts.o(i.IRQ098_Handler)
    IRQ099_Handler                           0x00001ded   Thumb Code    20  hc32f460_interrupts.o(i.IRQ099_Handler)
    IRQ100_Handler                           0x00001e05   Thumb Code    20  hc32f460_interrupts.o(i.IRQ100_Handler)
    IRQ101_Handler                           0x00001e1d   Thumb Code    20  hc32f460_interrupts.o(i.IRQ101_Handler)
    IRQ102_Handler                           0x00001e35   Thumb Code    20  hc32f460_interrupts.o(i.IRQ102_Handler)
    IRQ103_Handler                           0x00001e4d   Thumb Code    20  hc32f460_interrupts.o(i.IRQ103_Handler)
    IRQ104_Handler                           0x00001e65   Thumb Code    20  hc32f460_interrupts.o(i.IRQ104_Handler)
    IRQ105_Handler                           0x00001e7d   Thumb Code    20  hc32f460_interrupts.o(i.IRQ105_Handler)
    IRQ106_Handler                           0x00001e95   Thumb Code    20  hc32f460_interrupts.o(i.IRQ106_Handler)
    IRQ107_Handler                           0x00001ead   Thumb Code    20  hc32f460_interrupts.o(i.IRQ107_Handler)
    IRQ108_Handler                           0x00001ec5   Thumb Code    20  hc32f460_interrupts.o(i.IRQ108_Handler)
    IRQ109_Handler                           0x00001edd   Thumb Code    20  hc32f460_interrupts.o(i.IRQ109_Handler)
    IRQ110_Handler                           0x00001ef5   Thumb Code    20  hc32f460_interrupts.o(i.IRQ110_Handler)
    IRQ111_Handler                           0x00001f0d   Thumb Code    20  hc32f460_interrupts.o(i.IRQ111_Handler)
    IRQ112_Handler                           0x00001f25   Thumb Code    20  hc32f460_interrupts.o(i.IRQ112_Handler)
    IRQ113_Handler                           0x00001f3d   Thumb Code    20  hc32f460_interrupts.o(i.IRQ113_Handler)
    IRQ114_Handler                           0x00001f55   Thumb Code    20  hc32f460_interrupts.o(i.IRQ114_Handler)
    IRQ115_Handler                           0x00001f6d   Thumb Code    20  hc32f460_interrupts.o(i.IRQ115_Handler)
    IRQ116_Handler                           0x00001f85   Thumb Code    20  hc32f460_interrupts.o(i.IRQ116_Handler)
    IRQ117_Handler                           0x00001f9d   Thumb Code    20  hc32f460_interrupts.o(i.IRQ117_Handler)
    IRQ118_Handler                           0x00001fb5   Thumb Code    20  hc32f460_interrupts.o(i.IRQ118_Handler)
    IRQ119_Handler                           0x00001fcd   Thumb Code    20  hc32f460_interrupts.o(i.IRQ119_Handler)
    IRQ120_Handler                           0x00001fe5   Thumb Code    20  hc32f460_interrupts.o(i.IRQ120_Handler)
    IRQ121_Handler                           0x00001ffd   Thumb Code    20  hc32f460_interrupts.o(i.IRQ121_Handler)
    IRQ122_Handler                           0x00002015   Thumb Code    20  hc32f460_interrupts.o(i.IRQ122_Handler)
    IRQ123_Handler                           0x0000202d   Thumb Code    20  hc32f460_interrupts.o(i.IRQ123_Handler)
    IRQ124_Handler                           0x00002045   Thumb Code    20  hc32f460_interrupts.o(i.IRQ124_Handler)
    IRQ125_Handler                           0x0000205d   Thumb Code    20  hc32f460_interrupts.o(i.IRQ125_Handler)
    IRQ126_Handler                           0x00002075   Thumb Code    20  hc32f460_interrupts.o(i.IRQ126_Handler)
    IRQ127_Handler                           0x0000208d   Thumb Code    20  hc32f460_interrupts.o(i.IRQ127_Handler)
    MemManage_Handler                        0x0000211f   Thumb Code     8  hc32f460_interrupts.o(i.MemManage_Handler)
    NMI_Handler                              0x00002127   Thumb Code     8  hc32f460_interrupts.o(i.NMI_Handler)
    NMI_IrqHandler                           0x00002131   Thumb Code    32  hc32f460_exint_nmi_swi.o(i.NMI_IrqHandler)
    PORT_DebugPortSetting                    0x00002189   Thumb Code    94  hc32f460_gpio.o(i.PORT_DebugPortSetting)
    PORT_GetBit                              0x00002219   Thumb Code   162  hc32f460_gpio.o(i.PORT_GetBit)
    PORT_Init                                0x000022ed   Thumb Code   456  hc32f460_gpio.o(i.PORT_Init)
    PORT_Lock                                0x000024e5   Thumb Code    10  hc32f460_gpio.o(i.PORT_Lock)
    PORT_SetBits                             0x000024f5   Thumb Code    62  hc32f460_gpio.o(i.PORT_SetBits)
    PORT_SetFunc                             0x00002565   Thumb Code   204  hc32f460_gpio.o(i.PORT_SetFunc)
    PORT_Unlock                              0x00002661   Thumb Code    10  hc32f460_gpio.o(i.PORT_Unlock)
    PWC_Fcg1PeriphClockCmd                   0x00002671   Thumb Code    80  hc32f460_pwc.o(i.PWC_Fcg1PeriphClockCmd)
    PWC_HS2HP                                0x000026f5   Thumb Code    64  hc32f460_pwc.o(i.PWC_HS2HP)
    PendSV_Handler                           0x0000273d   Thumb Code     8  hc32f460_interrupts.o(i.PendSV_Handler)
    SRAM_CK_Disable                          0x00002791   Thumb Code    10  hc32f460_sram.o(i.SRAM_CK_Disable)
    SRAM_CK_Enable                           0x000027a1   Thumb Code    10  hc32f460_sram.o(i.SRAM_CK_Enable)
    SRAM_Init                                0x000027b1   Thumb Code   350  hc32f460_sram.o(i.SRAM_Init)
    SRAM_WT_Disable                          0x00002941   Thumb Code    10  hc32f460_sram.o(i.SRAM_WT_Disable)
    SRAM_WT_Enable                           0x00002951   Thumb Code    10  hc32f460_sram.o(i.SRAM_WT_Enable)
    SVC_Handler                              0x00002961   Thumb Code     8  hc32f460_interrupts.o(i.SVC_Handler)
    SysTick_Handler                          0x00002969   Thumb Code     8  hc32f460_interrupts.o(i.SysTick_Handler)
    SystemCoreClockUpdate                    0x00002971   Thumb Code   206  system_hc32f460.o(i.SystemCoreClockUpdate)
    SystemInit                               0x00002a5d   Thumb Code     8  system_hc32f460.o(i.SystemInit)
    USB_IRQ_Handler                          0x00002a65   Thumb Code    10  usb_bsp.o(i.USB_IRQ_Handler)
    UsageFault_Handler                       0x00002af1   Thumb Code     8  hc32f460_interrupts.o(i.UsageFault_Handler)
    VirtualFATRead                           0x00002b31   Thumb Code    48  virtualfat.o(i.VirtualFATRead)
    VirtualFATWrite                          0x00002b65   Thumb Code    48  virtualfat.o(i.VirtualFATWrite)
    VirtualFAT_ReadBlock                     0x00002b99   Thumb Code   122  virtualfat.o(i.VirtualFAT_ReadBlock)
    VirtualFAT_WriteBlock                    0x00002c21   Thumb Code    50  virtualfat.o(i.VirtualFAT_WriteBlock)
    VirtualFlashErase                        0x00002c5d   Thumb Code    44  virtualflash.o(i.VirtualFlashErase)
    VirtualFlashProgram                      0x00002c89   Thumb Code    60  virtualflash.o(i.VirtualFlashProgram)
    __scatterload_copy                       0x00002d19   Thumb Code    14  handlers.o(i.__scatterload_copy)
    __scatterload_null                       0x00002d27   Thumb Code     2  handlers.o(i.__scatterload_null)
    __scatterload_zeroinit                   0x00002d29   Thumb Code    14  handlers.o(i.__scatterload_zeroinit)
    enIrqRegistration                        0x00002d39   Thumb Code   146  hc32f460_interrupts.o(i.enIrqRegistration)
    enIrqResign                              0x00002e05   Thumb Code    48  hc32f460_interrupts.o(i.enIrqResign)
    hd_usb_addrset                           0x00002e3d   Thumb Code    32  usb_dev_driver.o(i.hd_usb_addrset)
    hd_usb_bsp_init                          0x00002e5d   Thumb Code    84  usb_bsp.o(i.hd_usb_bsp_init)
    hd_usb_bsp_nvicconfig                    0x00002eb1   Thumb Code   128  usb_bsp.o(i.hd_usb_bsp_nvicconfig)
    hd_usb_clearepstall                      0x00002f41   Thumb Code    78  usb_core_driver.o(i.hd_usb_clearepstall)
    hd_usb_clrfeature                        0x00002f8f   Thumb Code    66  usb_dev_stdreq.o(i.hd_usb_clrfeature)
    hd_usb_clrstall                          0x00002fd1   Thumb Code    92  usb_dev_driver.o(i.hd_usb_clrstall)
    hd_usb_coresoftrst                       0x0000302d   Thumb Code   122  usb_core_driver.o(i.hd_usb_coresoftrst)
    hd_usb_ctrlconn                          0x000030ad   Thumb Code    56  usb_dev_core.o(i.hd_usb_ctrlconn)
    hd_usb_ctrldatatx                        0x000030e5   Thumb Code    36  usb_dev_ctrleptrans.o(i.hd_usb_ctrldatatx)
    hd_usb_ctrlerr                           0x00003109   Thumb Code    28  usb_dev_stdreq.o(i.hd_usb_ctrlerr)
    hd_usb_ctrlstatusrx                      0x00003125   Thumb Code    26  usb_dev_ctrleptrans.o(i.hd_usb_ctrlstatusrx)
    hd_usb_ctrlstatustx                      0x0000313f   Thumb Code    26  usb_dev_ctrleptrans.o(i.hd_usb_ctrlstatustx)
    hd_usb_datain_process                    0x00003159   Thumb Code   202  usb_dev_core.o(i.hd_usb_datain_process)
    hd_usb_dataout_process                   0x00003229   Thumb Code   148  usb_dev_core.o(i.hd_usb_dataout_process)
    hd_usb_dev_configstrdesc                 0x000032bd   Thumb Code    18  usb_dev_desc.o(i.hd_usb_dev_configstrdesc)
    hd_usb_dev_ctrlconfig                    0x000032e1   Thumb Code    56  usb_dev_core.o(i.hd_usb_dev_ctrlconfig)
    hd_usb_dev_desc                          0x00003319   Thumb Code    10  usb_dev_desc.o(i.hd_usb_dev_desc)
    hd_usb_dev_init                          0x00003329   Thumb Code    58  usb_dev_core.o(i.hd_usb_dev_init)
    hd_usb_dev_intfstrdesc                   0x00003365   Thumb Code    18  usb_dev_desc.o(i.hd_usb_dev_intfstrdesc)
    hd_usb_dev_langiddesc                    0x0000338d   Thumb Code    10  usb_dev_desc.o(i.hd_usb_dev_langiddesc)
    hd_usb_dev_manufacturerstr               0x0000339d   Thumb Code    18  usb_dev_desc.o(i.hd_usb_dev_manufacturerstr)
    hd_usb_dev_productdesc                   0x000033bd   Thumb Code    18  usb_dev_desc.o(i.hd_usb_dev_productdesc)
    hd_usb_dev_resume                        0x000033e1   Thumb Code    26  usb_dev_core.o(i.hd_usb_dev_resume)
    hd_usb_dev_rst                           0x000033fb   Thumb Code    44  usb_dev_core.o(i.hd_usb_dev_rst)
    hd_usb_dev_serialstr                     0x00003429   Thumb Code    18  usb_dev_desc.o(i.hd_usb_dev_serialstr)
    hd_usb_dev_susp                          0x00003451   Thumb Code    28  usb_dev_core.o(i.hd_usb_dev_susp)
    hd_usb_devepdis                          0x0000346d   Thumb Code   618  usb_core_driver.o(i.hd_usb_devepdis)
    hd_usb_deveptx                           0x000036d7   Thumb Code    84  usb_dev_driver.o(i.hd_usb_deveptx)
    hd_usb_devinten                          0x0000372b   Thumb Code   194  usb_core_driver.o(i.hd_usb_devinten)
    hd_usb_devmodeinit                       0x000037ed   Thumb Code   278  usb_core_driver.o(i.hd_usb_devmodeinit)
    hd_usb_enumfinish_isr                    0x00003903   Thumb Code    48  usb_dev_int.o(i.hd_usb_enumfinish_isr)
    hd_usb_ep0activate                       0x00003933   Thumb Code   186  usb_core_driver.o(i.hd_usb_ep0activate)
    hd_usb_ep0outstart                       0x000039ed   Thumb Code    12  usb_dev_driver.o(i.hd_usb_ep0outstart)
    hd_usb_ep0revcfg                         0x000039f9   Thumb Code   110  usb_core_driver.o(i.hd_usb_ep0revcfg)
    hd_usb_ep0transbegin                     0x00003a67   Thumb Code   348  usb_core_driver.o(i.hd_usb_ep0transbegin)
    hd_usb_epactive                          0x00003bc3   Thumb Code   324  usb_core_driver.o(i.hd_usb_epactive)
    hd_usb_epdeactive                        0x00003d07   Thumb Code    90  usb_core_driver.o(i.hd_usb_epdeactive)
    hd_usb_epntransbegin                     0x00003d61   Thumb Code   726  usb_core_driver.o(i.hd_usb_epntransbegin)
    hd_usb_flsdevep                          0x00004037   Thumb Code    36  usb_dev_driver.o(i.hd_usb_flsdevep)
    hd_usb_getconfig                         0x0000405d   Thumb Code    72  usb_dev_stdreq.o(i.hd_usb_getconfig)
    hd_usb_getdesc                           0x000040a9   Thumb Code   258  usb_dev_stdreq.o(i.hd_usb_getdesc)
    hd_usb_getintf                           0x000041ad   Thumb Code    20  usb_dev_stdreq.o(i.hd_usb_getintf)
    hd_usb_getlength                         0x000041c5   Thumb Code    20  usb_dev_stdreq.o(i.hd_usb_getlength)
    hd_usb_getrxcnt                          0x000041ed   Thumb Code    20  usb_dev_ctrleptrans.o(i.hd_usb_getrxcnt)
    hd_usb_getstatus                         0x00004201   Thumb Code    68  usb_dev_stdreq.o(i.hd_usb_getstatus)
    hd_usb_getstring                         0x00004249   Thumb Code    78  usb_dev_stdreq.o(i.hd_usb_getstring)
    hd_usb_inep_isr                          0x00004299   Thumb Code   234  usb_dev_int.o(i.hd_usb_inep_isr)
    hd_usb_initdev                           0x00004389   Thumb Code   192  usb_dev_driver.o(i.hd_usb_initdev)
    hd_usb_initusbcore                       0x00004449   Thumb Code    76  usb_core_driver.o(i.hd_usb_initusbcore)
    hd_usb_isoinincomplt_isr                 0x00004495   Thumb Code    24  usb_dev_int.o(i.hd_usb_isoinincomplt_isr)
    hd_usb_isoinincomplt_process             0x000044b1   Thumb Code    16  usb_dev_core.o(i.hd_usb_isoinincomplt_process)
    hd_usb_isooutincomplt_isr                0x000044c1   Thumb Code    24  usb_dev_int.o(i.hd_usb_isooutincomplt_isr)
    hd_usb_isooutincomplt_process            0x000044dd   Thumb Code    16  usb_dev_core.o(i.hd_usb_isooutincomplt_process)
    hd_usb_isr_handler                       0x000044ed   Thumb Code   202  usb_dev_int.o(i.hd_usb_isr_handler)
    hd_usb_mdelay                            0x000045b7   Thumb Code    18  usb_bsp.o(i.hd_usb_mdelay)
    hd_usb_modeset                           0x000045c9   Thumb Code    40  usb_core_driver.o(i.hd_usb_modeset)
    hd_usb_opendevep                         0x000045f1   Thumb Code   116  usb_dev_driver.o(i.hd_usb_opendevep)
    hd_usb_outep_isr                         0x00004665   Thumb Code   334  usb_dev_int.o(i.hd_usb_outep_isr)
    hd_usb_parsesetupreq                     0x000047b9   Thumb Code    68  usb_dev_stdreq.o(i.hd_usb_parsesetupreq)
    hd_usb_rddevinep                         0x000047fd   Thumb Code    40  usb_dev_int.o(i.hd_usb_rddevinep)
    hd_usb_rdpkt                             0x00004825   Thumb Code    44  usb_core_driver.o(i.hd_usb_rdpkt)
    hd_usb_readytorx                         0x00004851   Thumb Code    88  usb_dev_driver.o(i.hd_usb_readytorx)
    hd_usb_reset_isr                         0x000048a9   Thumb Code   262  usb_dev_int.o(i.hd_usb_reset_isr)
    hd_usb_resume_isr                        0x000049b5   Thumb Code    98  usb_dev_int.o(i.hd_usb_resume_isr)
    hd_usb_rxfifoflush                       0x00004a1d   Thumb Code    76  usb_core_driver.o(i.hd_usb_rxfifoflush)
    hd_usb_rxstsqlvl_isr                     0x00004a6d   Thumb Code   140  usb_dev_int.o(i.hd_usb_rxstsqlvl_isr)
    hd_usb_setaddr                           0x00004af9   Thumb Code    80  usb_dev_stdreq.o(i.hd_usb_setaddr)
    hd_usb_setconfig                         0x00004b49   Thumb Code   208  usb_dev_stdreq.o(i.hd_usb_setconfig)
    hd_usb_setepstall                        0x00004c1d   Thumb Code   446  usb_core_driver.o(i.hd_usb_setepstall)
    hd_usb_setfeature                        0x00004ddd   Thumb Code    90  usb_dev_stdreq.o(i.hd_usb_setfeature)
    hd_usb_setregaddr                        0x00004e3d   Thumb Code   108  usb_core_driver.o(i.hd_usb_setregaddr)
    hd_usb_setup_process                     0x00004ead   Thumb Code    82  usb_dev_core.o(i.hd_usb_setup_process)
    hd_usb_shutdevep                         0x00004eff   Thumb Code    80  usb_dev_driver.o(i.hd_usb_shutdevep)
    hd_usb_sof_isr                           0x00004f51   Thumb Code    22  usb_dev_int.o(i.hd_usb_sof_isr)
    hd_usb_sof_process                       0x00004f6d   Thumb Code    24  usb_dev_core.o(i.hd_usb_sof_process)
    hd_usb_stalldevep                        0x00004f85   Thumb Code    92  usb_dev_driver.o(i.hd_usb_stalldevep)
    hd_usb_standarddevreq                    0x00004fe1   Thumb Code   138  usb_dev_stdreq.o(i.hd_usb_standarddevreq)
    hd_usb_standardepreq                     0x0000506d   Thumb Code   416  usb_dev_stdreq.o(i.hd_usb_standardepreq)
    hd_usb_standarditfreq                    0x00005211   Thumb Code   118  usb_dev_stdreq.o(i.hd_usb_standarditfreq)
    hd_usb_susp_isr                          0x00005289   Thumb Code    98  usb_dev_int.o(i.hd_usb_susp_isr)
    hd_usb_txfifoflush                       0x000052f1   Thumb Code    90  usb_core_driver.o(i.hd_usb_txfifoflush)
    hd_usb_udelay                            0x00005351   Thumb Code    36  usb_bsp.o(i.hd_usb_udelay)
    hd_usb_wrblanktxfifo                     0x0000537d   Thumb Code   142  usb_dev_int.o(i.hd_usb_wrblanktxfifo)
    hd_usb_wrpkt                             0x0000540b   Thumb Code    44  usb_core_driver.o(i.hd_usb_wrpkt)
    main                                     0x00005439   Thumb Code   150  main.o(i.main)
    msc_bot_abort                            0x000054e9   Thumb Code    60  usb_dev_msc_bot.o(i.msc_bot_abort)
    msc_bot_complete_clearfeature            0x0000552d   Thumb Code    56  usb_dev_msc_bot.o(i.msc_bot_complete_clearfeature)
    msc_bot_datain                           0x00005569   Thumb Code    70  usb_dev_msc_bot.o(i.msc_bot_datain)
    msc_bot_dataout                          0x000055b9   Thumb Code    60  usb_dev_msc_bot.o(i.msc_bot_dataout)
    msc_bot_decode_cbw                       0x000055fd   Thumb Code   166  usb_dev_msc_bot.o(i.msc_bot_decode_cbw)
    msc_bot_deinit                           0x000056c1   Thumb Code     8  usb_dev_msc_bot.o(i.msc_bot_deinit)
    msc_bot_init                             0x000056cd   Thumb Code    54  usb_dev_msc_bot.o(i.msc_bot_init)
    msc_bot_rst                              0x00005715   Thumb Code    30  usb_dev_msc_bot.o(i.msc_bot_rst)
    msc_bot_txcsw                            0x00005741   Thumb Code    48  usb_dev_msc_bot.o(i.msc_bot_txcsw)
    msc_bot_txdata                           0x00005781   Thumb Code    60  usb_dev_msc_bot.o(i.msc_bot_txdata)
    msc_getcapacity                          0x000057c9   Thumb Code    16  usb_dev_msc_msd.o(i.msc_getcapacity)
    msc_getmaxlun                            0x000057d9   Thumb Code     4  usb_dev_msc_msd.o(i.msc_getmaxlun)
    msc_ifready                              0x000057dd   Thumb Code    18  usb_dev_msc_msd.o(i.msc_ifready)
    msc_ifwrprotected                        0x000057f5   Thumb Code     6  usb_dev_msc_msd.o(i.msc_ifwrprotected)
    msc_init                                 0x000057fb   Thumb Code     6  usb_dev_msc_msd.o(i.msc_init)
    msc_read                                 0x00005801   Thumb Code    42  usb_dev_msc_msd.o(i.msc_read)
    msc_write                                0x00005831   Thumb Code    42  usb_dev_msc_msd.o(i.msc_write)
    scsi_addressrangecheck                   0x00005861   Thumb Code    32  usb_dev_msc_scsi.o(i.scsi_addressrangecheck)
    scsi_cmdprocess                          0x00005885   Thumb Code   226  usb_dev_msc_scsi.o(i.scsi_cmdprocess)
    scsi_inquiry                             0x0000596d   Thumb Code    70  usb_dev_msc_scsi.o(i.scsi_inquiry)
    scsi_modesense10                         0x000059c5   Thumb Code    28  usb_dev_msc_scsi.o(i.scsi_modesense10)
    scsi_modesense6                          0x000059ed   Thumb Code    30  usb_dev_msc_scsi.o(i.scsi_modesense6)
    scsi_processread                         0x00005a19   Thumb Code   174  usb_dev_msc_scsi.o(i.scsi_processread)
    scsi_processwrite                        0x00005ae9   Thumb Code   200  usb_dev_msc_scsi.o(i.scsi_processwrite)
    scsi_read10                              0x00005bcd   Thumb Code   256  usb_dev_msc_scsi.o(i.scsi_read10)
    scsi_readcapacity10                      0x00005ce9   Thumb Code   114  usb_dev_msc_scsi.o(i.scsi_readcapacity10)
    scsi_readformatcapacity                  0x00005d71   Thumb Code   122  usb_dev_msc_scsi.o(i.scsi_readformatcapacity)
    scsi_requestsense                        0x00005df9   Thumb Code   134  usb_dev_msc_scsi.o(i.scsi_requestsense)
    scsi_sensecode                           0x00005e95   Thumb Code    50  usb_dev_msc_scsi.o(i.scsi_sensecode)
    scsi_startstopuint                       0x00005ed1   Thumb Code     8  usb_dev_msc_scsi.o(i.scsi_startstopuint)
    scsi_testunitready                       0x00005edd   Thumb Code    60  usb_dev_msc_scsi.o(i.scsi_testunitready)
    scsi_verify10                            0x00005f25   Thumb Code    64  usb_dev_msc_scsi.o(i.scsi_verify10)
    scsi_write10                             0x00005f71   Thumb Code   310  usb_dev_msc_scsi.o(i.scsi_write10)
    usb_dev_msc_datain                       0x000060c9   Thumb Code    16  usb_dev_msc_class.o(i.usb_dev_msc_datain)
    usb_dev_msc_dataout                      0x000060d9   Thumb Code    16  usb_dev_msc_class.o(i.usb_dev_msc_dataout)
    usb_dev_msc_deinit                       0x000060e9   Thumb Code    28  usb_dev_msc_class.o(i.usb_dev_msc_deinit)
    usb_dev_msc_getcfgdesc                   0x00006105   Thumb Code    10  usb_dev_msc_class.o(i.usb_dev_msc_getcfgdesc)
    usb_dev_msc_init                         0x00006115   Thumb Code    42  usb_dev_msc_class.o(i.usb_dev_msc_init)
    usb_dev_msc_setup                        0x00006141   Thumb Code   266  usb_dev_msc_class.o(i.usb_dev_msc_setup)
    usb_dev_user_conn                        0x00006259   Thumb Code     8  usb_dev_user.o(i.usb_dev_user_conn)
    usb_dev_user_devcfg                      0x00006265   Thumb Code     8  usb_dev_user.o(i.usb_dev_user_devcfg)
    usb_dev_user_devresume                   0x00006271   Thumb Code     8  usb_dev_user.o(i.usb_dev_user_devresume)
    usb_dev_user_devsusp                     0x0000627d   Thumb Code     8  usb_dev_user.o(i.usb_dev_user_devsusp)
    usb_dev_user_disconn                     0x00006289   Thumb Code     8  usb_dev_user.o(i.usb_dev_user_disconn)
    usb_dev_user_init                        0x00006295   Thumb Code    98  usb_dev_user.o(i.usb_dev_user_init)
    usb_dev_user_rst                         0x00006309   Thumb Code     8  usb_dev_user.o(i.usb_dev_user_rst)
    msc_inquirydata                          0x00006326   Data          72  usb_dev_msc_msd.o(.constdata)
    MSC_Page00_Inquiry_Data                  0x0000636e   Data           7  usb_dev_msc_data.o(.constdata)
    MSC_Mode_Sense6_data                     0x00006375   Data           8  usb_dev_msc_data.o(.constdata)
    MSC_Mode_Sense10_data                    0x0000637d   Data           8  usb_dev_msc_data.o(.constdata)
    Region$$Table$$Base                      0x000063c4   Number         0  anon$$obj.o(Region$$Table)
    Region$$Table$$Limit                     0x000063e4   Number         0  anon$$obj.o(Region$$Table)
    HRC_VALUE                                0x1fff8000   Data           4  system_hc32f460.o(.data)
    SystemCoreClock                          0x1fff8004   Data           4  system_hc32f460.o(.data)
    user_desc                                0x1fff8018   Data          28  usb_dev_desc.o(.data)
    usb_dev_devicedesc                       0x1fff8034   Data          18  usb_dev_desc.o(.data)
    USB_DEV_LangIDDesc                       0x1fff8046   Data           4  usb_dev_desc.o(.data)
    flash_fops                               0x1fff804c   Data          32  usb_dev_msc_msd.o(.data)
    USB_STATUS_REG                           0x1fff806c   Data           1  usb_dev_msc_msd.o(.data)
    msc_fops                                 0x1fff8070   Data           4  usb_dev_msc_msd.o(.data)
    user_cb                                  0x1fff8074   Data          28  usb_dev_user.o(.data)
    usb_dev_user_Sta                         0x1fff8090   Data           1  usb_dev_user.o(.data)
    SET_TEST_MODE                            0x1fff8098   Data           4  usb_dev_core.o(.data)
    dev_int_cbk                              0x1fff809c   Data          40  usb_dev_core.o(.data)
    dev_int_cbkpr                            0x1fff80c4   Data           4  usb_dev_core.o(.data)
    dev_ep_status                            0x1fff80c8   Data           4  usb_dev_stdreq.o(.data)
    dev_default_cfg                          0x1fff80cc   Data           4  usb_dev_stdreq.o(.data)
    dev_cfg_status                           0x1fff80d0   Data           4  usb_dev_stdreq.o(.data)
    MSC_BOT_DataLen                          0x1fff80d6   Data           2  usb_dev_msc_bot.o(.data)
    MSC_BOT_State                            0x1fff80d8   Data           1  usb_dev_msc_bot.o(.data)
    MSC_BOT_Status                           0x1fff80d9   Data           1  usb_dev_msc_bot.o(.data)
    dev_msc_maxlun                           0x1fff80dc   Data           1  usb_dev_msc_class.o(.data)
    dev_msc_altset                           0x1fff80dd   Data           1  usb_dev_msc_class.o(.data)
    usb_dev_msc_cbk                          0x1fff80e0   Data          44  usb_dev_msc_class.o(.data)
    usb_dev_msc_cfgdesc                      0x1fff810c   Data          32  usb_dev_msc_class.o(.data)
    SCSI_Sense_Head                          0x1fff8130   Data           1  usb_dev_msc_scsi.o(.data)
    SCSI_Sense_Tail                          0x1fff8131   Data           1  usb_dev_msc_scsi.o(.data)
    SCSI_blk_size                            0x1fff8134   Data           4  usb_dev_msc_scsi.o(.data)
    SCSI_blk_nbr                             0x1fff8138   Data           4  usb_dev_msc_scsi.o(.data)
    SCSI_blk_addr                            0x1fff8140   Data           8  usb_dev_msc_scsi.o(.data)
    SCSI_blk_len                             0x1fff8148   Data           4  usb_dev_msc_scsi.o(.data)
    cdev                                     0x1fff814c   Data           4  usb_dev_msc_scsi.o(.data)
    usb_dev                                  0x1fff81b0   Data        1220  main.o(.bss)
    usb_dev_strdesc                          0x1fff8674   Data          64  usb_dev_desc.o(.bss)
    IrqHandler                               0x1fff86b4   Data         512  hc32f460_interrupts.o(.bss)
    MSC_BOT_Data                             0x1fff88b4   Data       12288  usb_dev_msc_bot.o(.bss)
    MSC_BOT_cbw                              0x1fffb8b4   Data          32  usb_dev_msc_bot.o(.bss)
    MSC_BOT_csw                              0x1fffb8d4   Data          16  usb_dev_msc_bot.o(.bss)
    SCSI_Sense                               0x1fffb8e4   Data          32  usb_dev_msc_scsi.o(.bss)
    __initial_sp                             0x1fffdb08   Data           0  startup_hc32f460.o(STACK)



==============================================================================

Memory Map of the image

  Image Entry point : 0x00000281

  Load Region LR_IROM1 (Base: 0x00000000, Size: 0x00006594, Max: 0x00080000, ABSOLUTE, COMPRESSED[0x000064d8])

    Execution Region ER_IROM1 (Exec base: 0x00000000, Load base: 0x00000000, Size: 0x000063e4, Max: 0x00080000, ABSOLUTE)

    Exec Addr    Load Addr    Size         Type   Attr      Idx    E Section Name        Object

    0x00000000   0x00000000   0x00000280   Data   RO            3    RESET               startup_hc32f460.o
    0x00000280   0x00000280   0x00000000   Code   RO         4121  * .ARM.Collect$$$$00000000  mc_w.l(entry.o)
    0x00000280   0x00000280   0x00000004   Code   RO         4148    .ARM.Collect$$$$00000001  mc_w.l(entry2.o)
    0x00000284   0x00000284   0x00000004   Code   RO         4151    .ARM.Collect$$$$00000004  mc_w.l(entry5.o)
    0x00000288   0x00000288   0x00000000   Code   RO         4153    .ARM.Collect$$$$00000008  mc_w.l(entry7b.o)
    0x00000288   0x00000288   0x00000000   Code   RO         4155    .ARM.Collect$$$$0000000A  mc_w.l(entry8b.o)
    0x00000288   0x00000288   0x00000008   Code   RO         4156    .ARM.Collect$$$$0000000B  mc_w.l(entry9a.o)
    0x00000290   0x00000290   0x00000004   Code   RO         4163    .ARM.Collect$$$$0000000E  mc_w.l(entry12b.o)
    0x00000294   0x00000294   0x00000000   Code   RO         4158    .ARM.Collect$$$$0000000F  mc_w.l(entry10a.o)
    0x00000294   0x00000294   0x00000000   Code   RO         4160    .ARM.Collect$$$$00000011  mc_w.l(entry11a.o)
    0x00000294   0x00000294   0x00000004   Code   RO         4149    .ARM.Collect$$$$00002712  mc_w.l(entry2.o)
    0x00000298   0x00000298   0x00000058   Code   RO            4    .text               startup_hc32f460.o
    0x000002f0   0x000002f0   0x00000062   Code   RO         4124    .text               mc_w.l(uldiv.o)
    0x00000352   0x00000352   0x00000024   Code   RO         4126    .text               mc_w.l(memcpya.o)
    0x00000376   0x00000376   0x00000024   Code   RO         4128    .text               mc_w.l(memseta.o)
    0x0000039a   0x0000039a   0x0000001e   Code   RO         4164    .text               mc_w.l(llshl.o)
    0x000003b8   0x000003b8   0x00000020   Code   RO         4166    .text               mc_w.l(llushr.o)
    0x000003d8   0x000003d8   0x00000024   Code   RO         4171    .text               mc_w.l(init.o)
    0x000003fc   0x000003fc   0x00000004   Code   RO         1912    i.Ddl_AssertHandler  hc32f460_utility.o
    0x00000400   0x00000400   0x00000020   Data   RO          988    .ARM.__AT_0x00000400  hc32f460_icg.o
    0x00000420   0x00000420   0x0000003a   Code   RO         4181    .text               mc_w.l(__dczerorl.o)
    0x0000045a   0x0000045a   0x000000d4   Code   RO         2891    i.BSP_CLK_Init      ev_hc32f460_lqfp100_v2.o
    0x0000052e   0x0000052e   0x000000f6   Code   RO           84    i.BSP_GPIO_Init     main.o
    0x00000624   0x00000624   0x00000008   Code   RO         1009    i.BusFault_Handler  hc32f460_interrupts.o
    0x0000062c   0x0000062c   0x000000c8   Code   RO         2538    i.CLK_GetFlagStatus  hc32f460_clk.o
    0x000006f4   0x000006f4   0x000000d8   Code   RO         2546    i.CLK_MpllCmd       hc32f460_clk.o
    0x000007cc   0x000007cc   0x000001c0   Code   RO         2547    i.CLK_MpllConfig    hc32f460_clk.o
    0x0000098c   0x0000098c   0x00000084   Code   RO         2554    i.CLK_SetPllSource  hc32f460_clk.o
    0x00000a10   0x00000a10   0x00000130   Code   RO         2555    i.CLK_SetSysClkSource  hc32f460_clk.o
    0x00000b40   0x00000b40   0x00000090   Code   RO         2556    i.CLK_SetUsbClkSource  hc32f460_clk.o
    0x00000bd0   0x00000bd0   0x000001b0   Code   RO         2557    i.CLK_SysClkConfig  hc32f460_clk.o
    0x00000d80   0x00000d80   0x000000d8   Code   RO         2560    i.CLK_UpllCmd       hc32f460_clk.o
    0x00000e58   0x00000e58   0x000001c8   Code   RO         2561    i.CLK_UpllConfig    hc32f460_clk.o
    0x00001020   0x00001020   0x00000120   Code   RO         2564    i.CLK_XtalCmd       hc32f460_clk.o
    0x00001140   0x00001140   0x00000064   Code   RO         2565    i.CLK_XtalConfig    hc32f460_clk.o
    0x000011a4   0x000011a4   0x0000002c   Code   RO         1913    i.Ddl_Delay1ms      hc32f460_utility.o
    0x000011d0   0x000011d0   0x00000008   Code   RO         1010    i.DebugMon_Handler  hc32f460_interrupts.o
    0x000011d8   0x000011d8   0x0000000c   Code   RO          827    i.EFM_ClearFlag     hc32f460_efm.o
    0x000011e4   0x000011e4   0x00000058   Code   RO          829    i.EFM_ErasePgmCmd   hc32f460_efm.o
    0x0000123c   0x0000123c   0x00000060   Code   RO          830    i.EFM_FlashCmd      hc32f460_efm.o
    0x0000129c   0x0000129c   0x00000018   Code   RO          836    i.EFM_Lock          hc32f460_efm.o
    0x000012b4   0x000012b4   0x000000dc   Code   RO          841    i.EFM_SectorErase   hc32f460_efm.o
    0x00001390   0x00001390   0x00000090   Code   RO          845    i.EFM_SetLatency    hc32f460_efm.o
    0x00001420   0x00001420   0x000000e8   Code   RO          848    i.EFM_SingleProgram  hc32f460_efm.o
    0x00001508   0x00001508   0x00000014   Code   RO          850    i.EFM_Unlock        hc32f460_efm.o
    0x0000151c   0x0000151c   0x00000008   Code   RO         1011    i.HardFault_Handler  hc32f460_interrupts.o
    0x00001524   0x00001524   0x00000014   Code   RO         1012    i.IRQ000_Handler    hc32f460_interrupts.o
    0x00001538   0x00001538   0x00000014   Code   RO         1013    i.IRQ001_Handler    hc32f460_interrupts.o
    0x0000154c   0x0000154c   0x00000014   Code   RO         1014    i.IRQ002_Handler    hc32f460_interrupts.o
    0x00001560   0x00001560   0x00000014   Code   RO         1015    i.IRQ003_Handler    hc32f460_interrupts.o
    0x00001574   0x00001574   0x00000014   Code   RO         1016    i.IRQ004_Handler    hc32f460_interrupts.o
    0x00001588   0x00001588   0x00000014   Code   RO         1017    i.IRQ005_Handler    hc32f460_interrupts.o
    0x0000159c   0x0000159c   0x00000014   Code   RO         1018    i.IRQ006_Handler    hc32f460_interrupts.o
    0x000015b0   0x000015b0   0x00000014   Code   RO         1019    i.IRQ007_Handler    hc32f460_interrupts.o
    0x000015c4   0x000015c4   0x00000014   Code   RO         1020    i.IRQ008_Handler    hc32f460_interrupts.o
    0x000015d8   0x000015d8   0x00000014   Code   RO         1021    i.IRQ009_Handler    hc32f460_interrupts.o
    0x000015ec   0x000015ec   0x00000014   Code   RO         1022    i.IRQ010_Handler    hc32f460_interrupts.o
    0x00001600   0x00001600   0x00000014   Code   RO         1023    i.IRQ011_Handler    hc32f460_interrupts.o
    0x00001614   0x00001614   0x00000014   Code   RO         1024    i.IRQ012_Handler    hc32f460_interrupts.o
    0x00001628   0x00001628   0x00000014   Code   RO         1025    i.IRQ013_Handler    hc32f460_interrupts.o
    0x0000163c   0x0000163c   0x00000014   Code   RO         1026    i.IRQ014_Handler    hc32f460_interrupts.o
    0x00001650   0x00001650   0x00000014   Code   RO         1027    i.IRQ015_Handler    hc32f460_interrupts.o
    0x00001664   0x00001664   0x00000014   Code   RO         1028    i.IRQ016_Handler    hc32f460_interrupts.o
    0x00001678   0x00001678   0x00000014   Code   RO         1029    i.IRQ017_Handler    hc32f460_interrupts.o
    0x0000168c   0x0000168c   0x00000014   Code   RO         1030    i.IRQ018_Handler    hc32f460_interrupts.o
    0x000016a0   0x000016a0   0x00000014   Code   RO         1031    i.IRQ019_Handler    hc32f460_interrupts.o
    0x000016b4   0x000016b4   0x00000014   Code   RO         1032    i.IRQ020_Handler    hc32f460_interrupts.o
    0x000016c8   0x000016c8   0x00000014   Code   RO         1033    i.IRQ021_Handler    hc32f460_interrupts.o
    0x000016dc   0x000016dc   0x00000014   Code   RO         1034    i.IRQ022_Handler    hc32f460_interrupts.o
    0x000016f0   0x000016f0   0x00000014   Code   RO         1035    i.IRQ023_Handler    hc32f460_interrupts.o
    0x00001704   0x00001704   0x00000014   Code   RO         1036    i.IRQ024_Handler    hc32f460_interrupts.o
    0x00001718   0x00001718   0x00000014   Code   RO         1037    i.IRQ025_Handler    hc32f460_interrupts.o
    0x0000172c   0x0000172c   0x00000014   Code   RO         1038    i.IRQ026_Handler    hc32f460_interrupts.o
    0x00001740   0x00001740   0x00000014   Code   RO         1039    i.IRQ027_Handler    hc32f460_interrupts.o
    0x00001754   0x00001754   0x00000014   Code   RO         1040    i.IRQ028_Handler    hc32f460_interrupts.o
    0x00001768   0x00001768   0x00000014   Code   RO         1041    i.IRQ029_Handler    hc32f460_interrupts.o
    0x0000177c   0x0000177c   0x00000014   Code   RO         1042    i.IRQ030_Handler    hc32f460_interrupts.o
    0x00001790   0x00001790   0x00000014   Code   RO         1043    i.IRQ031_Handler    hc32f460_interrupts.o
    0x000017a4   0x000017a4   0x00000018   Code   RO         1044    i.IRQ032_Handler    hc32f460_interrupts.o
    0x000017bc   0x000017bc   0x00000018   Code   RO         1045    i.IRQ033_Handler    hc32f460_interrupts.o
    0x000017d4   0x000017d4   0x00000018   Code   RO         1046    i.IRQ034_Handler    hc32f460_interrupts.o
    0x000017ec   0x000017ec   0x00000018   Code   RO         1047    i.IRQ035_Handler    hc32f460_interrupts.o
    0x00001804   0x00001804   0x00000018   Code   RO         1048    i.IRQ036_Handler    hc32f460_interrupts.o
    0x0000181c   0x0000181c   0x00000018   Code   RO         1049    i.IRQ037_Handler    hc32f460_interrupts.o
    0x00001834   0x00001834   0x00000018   Code   RO         1050    i.IRQ038_Handler    hc32f460_interrupts.o
    0x0000184c   0x0000184c   0x00000018   Code   RO         1051    i.IRQ039_Handler    hc32f460_interrupts.o
    0x00001864   0x00001864   0x00000018   Code   RO         1052    i.IRQ040_Handler    hc32f460_interrupts.o
    0x0000187c   0x0000187c   0x00000018   Code   RO         1053    i.IRQ041_Handler    hc32f460_interrupts.o
    0x00001894   0x00001894   0x00000018   Code   RO         1054    i.IRQ042_Handler    hc32f460_interrupts.o
    0x000018ac   0x000018ac   0x00000018   Code   RO         1055    i.IRQ043_Handler    hc32f460_interrupts.o
    0x000018c4   0x000018c4   0x00000018   Code   RO         1056    i.IRQ044_Handler    hc32f460_interrupts.o
    0x000018dc   0x000018dc   0x00000018   Code   RO         1057    i.IRQ045_Handler    hc32f460_interrupts.o
    0x000018f4   0x000018f4   0x00000018   Code   RO         1058    i.IRQ046_Handler    hc32f460_interrupts.o
    0x0000190c   0x0000190c   0x00000018   Code   RO         1059    i.IRQ047_Handler    hc32f460_interrupts.o
    0x00001924   0x00001924   0x00000018   Code   RO         1060    i.IRQ048_Handler    hc32f460_interrupts.o
    0x0000193c   0x0000193c   0x00000018   Code   RO         1061    i.IRQ049_Handler    hc32f460_interrupts.o
    0x00001954   0x00001954   0x00000018   Code   RO         1062    i.IRQ050_Handler    hc32f460_interrupts.o
    0x0000196c   0x0000196c   0x00000018   Code   RO         1063    i.IRQ051_Handler    hc32f460_interrupts.o
    0x00001984   0x00001984   0x00000018   Code   RO         1064    i.IRQ052_Handler    hc32f460_interrupts.o
    0x0000199c   0x0000199c   0x00000018   Code   RO         1065    i.IRQ053_Handler    hc32f460_interrupts.o
    0x000019b4   0x000019b4   0x00000018   Code   RO         1066    i.IRQ054_Handler    hc32f460_interrupts.o
    0x000019cc   0x000019cc   0x00000018   Code   RO         1067    i.IRQ055_Handler    hc32f460_interrupts.o
    0x000019e4   0x000019e4   0x00000018   Code   RO         1068    i.IRQ056_Handler    hc32f460_interrupts.o
    0x000019fc   0x000019fc   0x00000018   Code   RO         1069    i.IRQ057_Handler    hc32f460_interrupts.o
    0x00001a14   0x00001a14   0x00000018   Code   RO         1070    i.IRQ058_Handler    hc32f460_interrupts.o
    0x00001a2c   0x00001a2c   0x00000018   Code   RO         1071    i.IRQ059_Handler    hc32f460_interrupts.o
    0x00001a44   0x00001a44   0x00000018   Code   RO         1072    i.IRQ060_Handler    hc32f460_interrupts.o
    0x00001a5c   0x00001a5c   0x00000018   Code   RO         1073    i.IRQ061_Handler    hc32f460_interrupts.o
    0x00001a74   0x00001a74   0x00000018   Code   RO         1074    i.IRQ062_Handler    hc32f460_interrupts.o
    0x00001a8c   0x00001a8c   0x00000018   Code   RO         1075    i.IRQ063_Handler    hc32f460_interrupts.o
    0x00001aa4   0x00001aa4   0x00000018   Code   RO         1076    i.IRQ064_Handler    hc32f460_interrupts.o
    0x00001abc   0x00001abc   0x00000018   Code   RO         1077    i.IRQ065_Handler    hc32f460_interrupts.o
    0x00001ad4   0x00001ad4   0x00000018   Code   RO         1078    i.IRQ066_Handler    hc32f460_interrupts.o
    0x00001aec   0x00001aec   0x00000018   Code   RO         1079    i.IRQ067_Handler    hc32f460_interrupts.o
    0x00001b04   0x00001b04   0x00000018   Code   RO         1080    i.IRQ068_Handler    hc32f460_interrupts.o
    0x00001b1c   0x00001b1c   0x00000018   Code   RO         1081    i.IRQ069_Handler    hc32f460_interrupts.o
    0x00001b34   0x00001b34   0x00000018   Code   RO         1082    i.IRQ070_Handler    hc32f460_interrupts.o
    0x00001b4c   0x00001b4c   0x00000018   Code   RO         1083    i.IRQ071_Handler    hc32f460_interrupts.o
    0x00001b64   0x00001b64   0x00000018   Code   RO         1084    i.IRQ072_Handler    hc32f460_interrupts.o
    0x00001b7c   0x00001b7c   0x00000018   Code   RO         1085    i.IRQ073_Handler    hc32f460_interrupts.o
    0x00001b94   0x00001b94   0x00000018   Code   RO         1086    i.IRQ074_Handler    hc32f460_interrupts.o
    0x00001bac   0x00001bac   0x00000018   Code   RO         1087    i.IRQ075_Handler    hc32f460_interrupts.o
    0x00001bc4   0x00001bc4   0x00000018   Code   RO         1088    i.IRQ076_Handler    hc32f460_interrupts.o
    0x00001bdc   0x00001bdc   0x00000018   Code   RO         1089    i.IRQ077_Handler    hc32f460_interrupts.o
    0x00001bf4   0x00001bf4   0x00000018   Code   RO         1090    i.IRQ078_Handler    hc32f460_interrupts.o
    0x00001c0c   0x00001c0c   0x00000018   Code   RO         1091    i.IRQ079_Handler    hc32f460_interrupts.o
    0x00001c24   0x00001c24   0x00000018   Code   RO         1092    i.IRQ080_Handler    hc32f460_interrupts.o
    0x00001c3c   0x00001c3c   0x00000018   Code   RO         1093    i.IRQ081_Handler    hc32f460_interrupts.o
    0x00001c54   0x00001c54   0x00000018   Code   RO         1094    i.IRQ082_Handler    hc32f460_interrupts.o
    0x00001c6c   0x00001c6c   0x00000018   Code   RO         1095    i.IRQ083_Handler    hc32f460_interrupts.o
    0x00001c84   0x00001c84   0x00000018   Code   RO         1096    i.IRQ084_Handler    hc32f460_interrupts.o
    0x00001c9c   0x00001c9c   0x00000018   Code   RO         1097    i.IRQ085_Handler    hc32f460_interrupts.o
    0x00001cb4   0x00001cb4   0x00000018   Code   RO         1098    i.IRQ086_Handler    hc32f460_interrupts.o
    0x00001ccc   0x00001ccc   0x00000018   Code   RO         1099    i.IRQ087_Handler    hc32f460_interrupts.o
    0x00001ce4   0x00001ce4   0x00000018   Code   RO         1100    i.IRQ088_Handler    hc32f460_interrupts.o
    0x00001cfc   0x00001cfc   0x00000018   Code   RO         1101    i.IRQ089_Handler    hc32f460_interrupts.o
    0x00001d14   0x00001d14   0x00000018   Code   RO         1102    i.IRQ090_Handler    hc32f460_interrupts.o
    0x00001d2c   0x00001d2c   0x00000018   Code   RO         1103    i.IRQ091_Handler    hc32f460_interrupts.o
    0x00001d44   0x00001d44   0x00000018   Code   RO         1104    i.IRQ092_Handler    hc32f460_interrupts.o
    0x00001d5c   0x00001d5c   0x00000018   Code   RO         1105    i.IRQ093_Handler    hc32f460_interrupts.o
    0x00001d74   0x00001d74   0x00000018   Code   RO         1106    i.IRQ094_Handler    hc32f460_interrupts.o
    0x00001d8c   0x00001d8c   0x00000018   Code   RO         1107    i.IRQ095_Handler    hc32f460_interrupts.o
    0x00001da4   0x00001da4   0x00000018   Code   RO         1108    i.IRQ096_Handler    hc32f460_interrupts.o
    0x00001dbc   0x00001dbc   0x00000018   Code   RO         1109    i.IRQ097_Handler    hc32f460_interrupts.o
    0x00001dd4   0x00001dd4   0x00000018   Code   RO         1110    i.IRQ098_Handler    hc32f460_interrupts.o
    0x00001dec   0x00001dec   0x00000018   Code   RO         1111    i.IRQ099_Handler    hc32f460_interrupts.o
    0x00001e04   0x00001e04   0x00000018   Code   RO         1112    i.IRQ100_Handler    hc32f460_interrupts.o
    0x00001e1c   0x00001e1c   0x00000018   Code   RO         1113    i.IRQ101_Handler    hc32f460_interrupts.o
    0x00001e34   0x00001e34   0x00000018   Code   RO         1114    i.IRQ102_Handler    hc32f460_interrupts.o
    0x00001e4c   0x00001e4c   0x00000018   Code   RO         1115    i.IRQ103_Handler    hc32f460_interrupts.o
    0x00001e64   0x00001e64   0x00000018   Code   RO         1116    i.IRQ104_Handler    hc32f460_interrupts.o
    0x00001e7c   0x00001e7c   0x00000018   Code   RO         1117    i.IRQ105_Handler    hc32f460_interrupts.o
    0x00001e94   0x00001e94   0x00000018   Code   RO         1118    i.IRQ106_Handler    hc32f460_interrupts.o
    0x00001eac   0x00001eac   0x00000018   Code   RO         1119    i.IRQ107_Handler    hc32f460_interrupts.o
    0x00001ec4   0x00001ec4   0x00000018   Code   RO         1120    i.IRQ108_Handler    hc32f460_interrupts.o
    0x00001edc   0x00001edc   0x00000018   Code   RO         1121    i.IRQ109_Handler    hc32f460_interrupts.o
    0x00001ef4   0x00001ef4   0x00000018   Code   RO         1122    i.IRQ110_Handler    hc32f460_interrupts.o
    0x00001f0c   0x00001f0c   0x00000018   Code   RO         1123    i.IRQ111_Handler    hc32f460_interrupts.o
    0x00001f24   0x00001f24   0x00000018   Code   RO         1124    i.IRQ112_Handler    hc32f460_interrupts.o
    0x00001f3c   0x00001f3c   0x00000018   Code   RO         1125    i.IRQ113_Handler    hc32f460_interrupts.o
    0x00001f54   0x00001f54   0x00000018   Code   RO         1126    i.IRQ114_Handler    hc32f460_interrupts.o
    0x00001f6c   0x00001f6c   0x00000018   Code   RO         1127    i.IRQ115_Handler    hc32f460_interrupts.o
    0x00001f84   0x00001f84   0x00000018   Code   RO         1128    i.IRQ116_Handler    hc32f460_interrupts.o
    0x00001f9c   0x00001f9c   0x00000018   Code   RO         1129    i.IRQ117_Handler    hc32f460_interrupts.o
    0x00001fb4   0x00001fb4   0x00000018   Code   RO         1130    i.IRQ118_Handler    hc32f460_interrupts.o
    0x00001fcc   0x00001fcc   0x00000018   Code   RO         1131    i.IRQ119_Handler    hc32f460_interrupts.o
    0x00001fe4   0x00001fe4   0x00000018   Code   RO         1132    i.IRQ120_Handler    hc32f460_interrupts.o
    0x00001ffc   0x00001ffc   0x00000018   Code   RO         1133    i.IRQ121_Handler    hc32f460_interrupts.o
    0x00002014   0x00002014   0x00000018   Code   RO         1134    i.IRQ122_Handler    hc32f460_interrupts.o
    0x0000202c   0x0000202c   0x00000018   Code   RO         1135    i.IRQ123_Handler    hc32f460_interrupts.o
    0x00002044   0x00002044   0x00000018   Code   RO         1136    i.IRQ124_Handler    hc32f460_interrupts.o
    0x0000205c   0x0000205c   0x00000018   Code   RO         1137    i.IRQ125_Handler    hc32f460_interrupts.o
    0x00002074   0x00002074   0x00000018   Code   RO         1138    i.IRQ126_Handler    hc32f460_interrupts.o
    0x0000208c   0x0000208c   0x00000018   Code   RO         1139    i.IRQ127_Handler    hc32f460_interrupts.o
    0x000020a4   0x000020a4   0x00000078   Code   RO           85    i.JumpToBootloader  main.o
    0x0000211c   0x0000211c   0x00000002   Code   RO          442    i.Key_Config        usb_dev_user.o
    0x0000211e   0x0000211e   0x00000008   Code   RO         1140    i.MemManage_Handler  hc32f460_interrupts.o
    0x00002126   0x00002126   0x00000008   Code   RO         1141    i.NMI_Handler       hc32f460_interrupts.o
    0x0000212e   0x0000212e   0x00000002   PAD
    0x00002130   0x00002130   0x00000058   Code   RO         1993    i.NMI_IrqHandler    hc32f460_exint_nmi_swi.o
    0x00002188   0x00002188   0x00000090   Code   RO         2773    i.PORT_DebugPortSetting  hc32f460_gpio.o
    0x00002218   0x00002218   0x000000d4   Code   RO         2774    i.PORT_GetBit       hc32f460_gpio.o
    0x000022ec   0x000022ec   0x000001f8   Code   RO         2776    i.PORT_Init         hc32f460_gpio.o
    0x000024e4   0x000024e4   0x00000010   Code   RO         2777    i.PORT_Lock         hc32f460_gpio.o
    0x000024f4   0x000024f4   0x00000070   Code   RO         2782    i.PORT_SetBits      hc32f460_gpio.o
    0x00002564   0x00002564   0x000000fc   Code   RO         2783    i.PORT_SetFunc      hc32f460_gpio.o
    0x00002660   0x00002660   0x00000010   Code   RO         2787    i.PORT_Unlock       hc32f460_gpio.o
    0x00002670   0x00002670   0x00000084   Code   RO          527    i.PWC_Fcg1PeriphClockCmd  hc32f460_pwc.o
    0x000026f4   0x000026f4   0x00000048   Code   RO          536    i.PWC_HS2HP         hc32f460_pwc.o
    0x0000273c   0x0000273c   0x00000008   Code   RO         1142    i.PendSV_Handler    hc32f460_interrupts.o
    0x00002744   0x00002744   0x0000004c   Code   RO         4028    i.ReadFLASHFileBlock  virtualfat.o
    0x00002790   0x00002790   0x00000010   Code   RO         2066    i.SRAM_CK_Disable   hc32f460_sram.o
    0x000027a0   0x000027a0   0x00000010   Code   RO         2067    i.SRAM_CK_Enable    hc32f460_sram.o
    0x000027b0   0x000027b0   0x00000190   Code   RO         2071    i.SRAM_Init         hc32f460_sram.o
    0x00002940   0x00002940   0x00000010   Code   RO         2072    i.SRAM_WT_Disable   hc32f460_sram.o
    0x00002950   0x00002950   0x00000010   Code   RO         2073    i.SRAM_WT_Enable    hc32f460_sram.o
    0x00002960   0x00002960   0x00000008   Code   RO         1143    i.SVC_Handler       hc32f460_interrupts.o
    0x00002968   0x00002968   0x00000008   Code   RO         1144    i.SysTick_Handler   hc32f460_interrupts.o
    0x00002970   0x00002970   0x000000ec   Code   RO           13    i.SystemCoreClockUpdate  system_hc32f460.o
    0x00002a5c   0x00002a5c   0x00000008   Code   RO           14    i.SystemInit        system_hc32f460.o
    0x00002a64   0x00002a64   0x00000010   Code   RO          228    i.USB_IRQ_Handler   usb_bsp.o
    0x00002a74   0x00002a74   0x00000034   Code   RO         4029    i.UpdateFAT12ClusterChain  virtualfat.o
    0x00002aa8   0x00002aa8   0x00000048   Code   RO         4030    i.UpdateFAT12ClusterEntry  virtualfat.o
    0x00002af0   0x00002af0   0x00000008   Code   RO         1145    i.UsageFault_Handler  hc32f460_interrupts.o
    0x00002af8   0x00002af8   0x00000036   Code   RO          229    i.UsbClkIni         usb_bsp.o
    0x00002b2e   0x00002b2e   0x00000002   PAD
    0x00002b30   0x00002b30   0x00000034   Code   RO         4031    i.VirtualFATRead    virtualfat.o
    0x00002b64   0x00002b64   0x00000034   Code   RO         4032    i.VirtualFATWrite   virtualfat.o
    0x00002b98   0x00002b98   0x00000088   Code   RO         4033    i.VirtualFAT_ReadBlock  virtualfat.o
    0x00002c20   0x00002c20   0x0000003c   Code   RO         4034    i.VirtualFAT_WriteBlock  virtualfat.o
    0x00002c5c   0x00002c5c   0x0000002c   Code   RO         4094    i.VirtualFlashErase  virtualflash.o
    0x00002c88   0x00002c88   0x0000003c   Code   RO         4095    i.VirtualFlashProgram  virtualflash.o
    0x00002cc4   0x00002cc4   0x00000054   Code   RO         4035    i.WriteFLASHFileBlock  virtualfat.o
    0x00002d18   0x00002d18   0x0000000e   Code   RO         4175    i.__scatterload_copy  mc_w.l(handlers.o)
    0x00002d26   0x00002d26   0x00000002   Code   RO         4176    i.__scatterload_null  mc_w.l(handlers.o)
    0x00002d28   0x00002d28   0x0000000e   Code   RO         4177    i.__scatterload_zeroinit  mc_w.l(handlers.o)
    0x00002d36   0x00002d36   0x00000002   PAD
    0x00002d38   0x00002d38   0x000000cc   Code   RO         1152    i.enIrqRegistration  hc32f460_interrupts.o
    0x00002e04   0x00002e04   0x00000038   Code   RO         1153    i.enIrqResign       hc32f460_interrupts.o
    0x00002e3c   0x00002e3c   0x00000020   Code   RO         3319    i.hd_usb_addrset    usb_dev_driver.o
    0x00002e5c   0x00002e5c   0x00000054   Code   RO          230    i.hd_usb_bsp_init   usb_bsp.o
    0x00002eb0   0x00002eb0   0x00000090   Code   RO          231    i.hd_usb_bsp_nvicconfig  usb_bsp.o
    0x00002f40   0x00002f40   0x0000004e   Code   RO         2985    i.hd_usb_clearepstall  usb_core_driver.o
    0x00002f8e   0x00002f8e   0x00000042   Code   RO         3531    i.hd_usb_clrfeature  usb_dev_stdreq.o
    0x00002fd0   0x00002fd0   0x0000005c   Code   RO         3320    i.hd_usb_clrstall   usb_dev_driver.o
    0x0000302c   0x0000302c   0x00000080   Code   RO         2986    i.hd_usb_coresoftrst  usb_core_driver.o
    0x000030ac   0x000030ac   0x00000038   Code   RO         3154    i.hd_usb_ctrlconn   usb_dev_core.o
    0x000030e4   0x000030e4   0x00000024   Code   RO         3262    i.hd_usb_ctrldatatx  usb_dev_ctrleptrans.o
    0x00003108   0x00003108   0x0000001c   Code   RO         3532    i.hd_usb_ctrlerr    usb_dev_stdreq.o
    0x00003124   0x00003124   0x0000001a   Code   RO         3263    i.hd_usb_ctrlstatusrx  usb_dev_ctrleptrans.o
    0x0000313e   0x0000313e   0x0000001a   Code   RO         3264    i.hd_usb_ctrlstatustx  usb_dev_ctrleptrans.o
    0x00003158   0x00003158   0x000000d0   Code   RO         3155    i.hd_usb_datain_process  usb_dev_core.o
    0x00003228   0x00003228   0x00000094   Code   RO         3156    i.hd_usb_dataout_process  usb_dev_core.o
    0x000032bc   0x000032bc   0x00000024   Code   RO          286    i.hd_usb_dev_configstrdesc  usb_dev_desc.o
    0x000032e0   0x000032e0   0x00000038   Code   RO         3157    i.hd_usb_dev_ctrlconfig  usb_dev_core.o
    0x00003318   0x00003318   0x00000010   Code   RO          287    i.hd_usb_dev_desc   usb_dev_desc.o
    0x00003328   0x00003328   0x0000003a   Code   RO         3159    i.hd_usb_dev_init   usb_dev_core.o
    0x00003362   0x00003362   0x00000002   PAD
    0x00003364   0x00003364   0x00000028   Code   RO          288    i.hd_usb_dev_intfstrdesc  usb_dev_desc.o
    0x0000338c   0x0000338c   0x00000010   Code   RO          289    i.hd_usb_dev_langiddesc  usb_dev_desc.o
    0x0000339c   0x0000339c   0x00000020   Code   RO          290    i.hd_usb_dev_manufacturerstr  usb_dev_desc.o
    0x000033bc   0x000033bc   0x00000024   Code   RO          291    i.hd_usb_dev_productdesc  usb_dev_desc.o
    0x000033e0   0x000033e0   0x0000001a   Code   RO         3160    i.hd_usb_dev_resume  usb_dev_core.o
    0x000033fa   0x000033fa   0x0000002c   Code   RO         3161    i.hd_usb_dev_rst    usb_dev_core.o
    0x00003426   0x00003426   0x00000002   PAD
    0x00003428   0x00003428   0x00000028   Code   RO          292    i.hd_usb_dev_serialstr  usb_dev_desc.o
    0x00003450   0x00003450   0x0000001c   Code   RO         3162    i.hd_usb_dev_susp   usb_dev_core.o
    0x0000346c   0x0000346c   0x0000026a   Code   RO         2988    i.hd_usb_devepdis   usb_core_driver.o
    0x000036d6   0x000036d6   0x00000054   Code   RO         3324    i.hd_usb_deveptx    usb_dev_driver.o
    0x0000372a   0x0000372a   0x000000c2   Code   RO         2989    i.hd_usb_devinten   usb_core_driver.o
    0x000037ec   0x000037ec   0x00000116   Code   RO         2990    i.hd_usb_devmodeinit  usb_core_driver.o
    0x00003902   0x00003902   0x00000030   Code   RO         3418    i.hd_usb_enumfinish_isr  usb_dev_int.o
    0x00003932   0x00003932   0x000000ba   Code   RO         2991    i.hd_usb_ep0activate  usb_core_driver.o
    0x000039ec   0x000039ec   0x0000000c   Code   RO         3325    i.hd_usb_ep0outstart  usb_dev_driver.o
    0x000039f8   0x000039f8   0x0000006e   Code   RO         2992    i.hd_usb_ep0revcfg  usb_core_driver.o
    0x00003a66   0x00003a66   0x0000015c   Code   RO         2993    i.hd_usb_ep0transbegin  usb_core_driver.o
    0x00003bc2   0x00003bc2   0x00000144   Code   RO         2994    i.hd_usb_epactive   usb_core_driver.o
    0x00003d06   0x00003d06   0x0000005a   Code   RO         2995    i.hd_usb_epdeactive  usb_core_driver.o
    0x00003d60   0x00003d60   0x000002d6   Code   RO         2996    i.hd_usb_epntransbegin  usb_core_driver.o
    0x00004036   0x00004036   0x00000024   Code   RO         3326    i.hd_usb_flsdevep   usb_dev_driver.o
    0x0000405a   0x0000405a   0x00000002   PAD
    0x0000405c   0x0000405c   0x0000004c   Code   RO         3533    i.hd_usb_getconfig  usb_dev_stdreq.o
    0x000040a8   0x000040a8   0x00000102   Code   RO         3534    i.hd_usb_getdesc    usb_dev_stdreq.o
    0x000041aa   0x000041aa   0x00000002   PAD
    0x000041ac   0x000041ac   0x00000018   Code   RO         3535    i.hd_usb_getintf    usb_dev_stdreq.o
    0x000041c4   0x000041c4   0x00000014   Code   RO         3536    i.hd_usb_getlength  usb_dev_stdreq.o
    0x000041d8   0x000041d8   0x00000014   Code   RO         3419    i.hd_usb_getoepintbit  usb_dev_int.o
    0x000041ec   0x000041ec   0x00000014   Code   RO         3265    i.hd_usb_getrxcnt   usb_dev_ctrleptrans.o
    0x00004200   0x00004200   0x00000048   Code   RO         3537    i.hd_usb_getstatus  usb_dev_stdreq.o
    0x00004248   0x00004248   0x0000004e   Code   RO         3538    i.hd_usb_getstring  usb_dev_stdreq.o
    0x00004296   0x00004296   0x00000002   PAD
    0x00004298   0x00004298   0x000000f0   Code   RO         3420    i.hd_usb_inep_isr   usb_dev_int.o
    0x00004388   0x00004388   0x000000c0   Code   RO         3327    i.hd_usb_initdev    usb_dev_driver.o
    0x00004448   0x00004448   0x0000004c   Code   RO         2999    i.hd_usb_initusbcore  usb_core_driver.o
    0x00004494   0x00004494   0x0000001c   Code   RO         3421    i.hd_usb_isoinincomplt_isr  usb_dev_int.o
    0x000044b0   0x000044b0   0x00000010   Code   RO         3163    i.hd_usb_isoinincomplt_process  usb_dev_core.o
    0x000044c0   0x000044c0   0x0000001c   Code   RO         3422    i.hd_usb_isooutincomplt_isr  usb_dev_int.o
    0x000044dc   0x000044dc   0x00000010   Code   RO         3164    i.hd_usb_isooutincomplt_process  usb_dev_core.o
    0x000044ec   0x000044ec   0x000000ca   Code   RO         3423    i.hd_usb_isr_handler  usb_dev_int.o
    0x000045b6   0x000045b6   0x00000012   Code   RO          232    i.hd_usb_mdelay     usb_bsp.o
    0x000045c8   0x000045c8   0x00000028   Code   RO         3000    i.hd_usb_modeset    usb_core_driver.o
    0x000045f0   0x000045f0   0x00000074   Code   RO         3328    i.hd_usb_opendevep  usb_dev_driver.o
    0x00004664   0x00004664   0x00000154   Code   RO         3424    i.hd_usb_outep_isr  usb_dev_int.o
    0x000047b8   0x000047b8   0x00000044   Code   RO         3539    i.hd_usb_parsesetupreq  usb_dev_stdreq.o
    0x000047fc   0x000047fc   0x00000028   Code   RO         3425    i.hd_usb_rddevinep  usb_dev_int.o
    0x00004824   0x00004824   0x0000002c   Code   RO         3001    i.hd_usb_rdpkt      usb_core_driver.o
    0x00004850   0x00004850   0x00000058   Code   RO         3329    i.hd_usb_readytorx  usb_dev_driver.o
    0x000048a8   0x000048a8   0x0000010c   Code   RO         3426    i.hd_usb_reset_isr  usb_dev_int.o
    0x000049b4   0x000049b4   0x00000068   Code   RO         3427    i.hd_usb_resume_isr  usb_dev_int.o
    0x00004a1c   0x00004a1c   0x00000050   Code   RO         3003    i.hd_usb_rxfifoflush  usb_core_driver.o
    0x00004a6c   0x00004a6c   0x0000008c   Code   RO         3428    i.hd_usb_rxstsqlvl_isr  usb_dev_int.o
    0x00004af8   0x00004af8   0x00000050   Code   RO         3540    i.hd_usb_setaddr    usb_dev_stdreq.o
    0x00004b48   0x00004b48   0x000000d4   Code   RO         3541    i.hd_usb_setconfig  usb_dev_stdreq.o
    0x00004c1c   0x00004c1c   0x000001be   Code   RO         3004    i.hd_usb_setepstall  usb_core_driver.o
    0x00004dda   0x00004dda   0x00000002   PAD
    0x00004ddc   0x00004ddc   0x00000060   Code   RO         3542    i.hd_usb_setfeature  usb_dev_stdreq.o
    0x00004e3c   0x00004e3c   0x00000070   Code   RO         3005    i.hd_usb_setregaddr  usb_core_driver.o
    0x00004eac   0x00004eac   0x00000052   Code   RO         3165    i.hd_usb_setup_process  usb_dev_core.o
    0x00004efe   0x00004efe   0x00000050   Code   RO         3330    i.hd_usb_shutdevep  usb_dev_driver.o
    0x00004f4e   0x00004f4e   0x00000002   PAD
    0x00004f50   0x00004f50   0x0000001c   Code   RO         3429    i.hd_usb_sof_isr    usb_dev_int.o
    0x00004f6c   0x00004f6c   0x00000018   Code   RO         3166    i.hd_usb_sof_process  usb_dev_core.o
    0x00004f84   0x00004f84   0x0000005c   Code   RO         3331    i.hd_usb_stalldevep  usb_dev_driver.o
    0x00004fe0   0x00004fe0   0x0000008a   Code   RO         3543    i.hd_usb_standarddevreq  usb_dev_stdreq.o
    0x0000506a   0x0000506a   0x00000002   PAD
    0x0000506c   0x0000506c   0x000001a4   Code   RO         3544    i.hd_usb_standardepreq  usb_dev_stdreq.o
    0x00005210   0x00005210   0x00000076   Code   RO         3545    i.hd_usb_standarditfreq  usb_dev_stdreq.o
    0x00005286   0x00005286   0x00000002   PAD
    0x00005288   0x00005288   0x00000068   Code   RO         3430    i.hd_usb_susp_isr   usb_dev_int.o
    0x000052f0   0x000052f0   0x00000060   Code   RO         3006    i.hd_usb_txfifoflush  usb_core_driver.o
    0x00005350   0x00005350   0x0000002c   Code   RO          233    i.hd_usb_udelay     usb_bsp.o
    0x0000537c   0x0000537c   0x0000008e   Code   RO         3431    i.hd_usb_wrblanktxfifo  usb_dev_int.o
    0x0000540a   0x0000540a   0x0000002c   Code   RO         3007    i.hd_usb_wrpkt      usb_core_driver.o
    0x00005436   0x00005436   0x00000002   PAD
    0x00005438   0x00005438   0x000000b0   Code   RO           87    i.main              main.o
    0x000054e8   0x000054e8   0x00000044   Code   RO         3643    i.msc_bot_abort     usb_dev_msc_bot.o
    0x0000552c   0x0000552c   0x0000003c   Code   RO         3644    i.msc_bot_complete_clearfeature  usb_dev_msc_bot.o
    0x00005568   0x00005568   0x00000050   Code   RO         3645    i.msc_bot_datain    usb_dev_msc_bot.o
    0x000055b8   0x000055b8   0x00000044   Code   RO         3646    i.msc_bot_dataout   usb_dev_msc_bot.o
    0x000055fc   0x000055fc   0x000000c4   Code   RO         3647    i.msc_bot_decode_cbw  usb_dev_msc_bot.o
    0x000056c0   0x000056c0   0x0000000c   Code   RO         3648    i.msc_bot_deinit    usb_dev_msc_bot.o
    0x000056cc   0x000056cc   0x00000048   Code   RO         3649    i.msc_bot_init      usb_dev_msc_bot.o
    0x00005714   0x00005714   0x0000002c   Code   RO         3650    i.msc_bot_rst       usb_dev_msc_bot.o
    0x00005740   0x00005740   0x00000040   Code   RO         3651    i.msc_bot_txcsw     usb_dev_msc_bot.o
    0x00005780   0x00005780   0x00000048   Code   RO         3652    i.msc_bot_txdata    usb_dev_msc_bot.o
    0x000057c8   0x000057c8   0x00000010   Code   RO          358    i.msc_getcapacity   usb_dev_msc_msd.o
    0x000057d8   0x000057d8   0x00000004   Code   RO          359    i.msc_getmaxlun     usb_dev_msc_msd.o
    0x000057dc   0x000057dc   0x00000018   Code   RO          360    i.msc_ifready       usb_dev_msc_msd.o
    0x000057f4   0x000057f4   0x00000006   Code   RO          361    i.msc_ifwrprotected  usb_dev_msc_msd.o
    0x000057fa   0x000057fa   0x00000006   Code   RO          362    i.msc_init          usb_dev_msc_msd.o
    0x00005800   0x00005800   0x00000030   Code   RO          363    i.msc_read          usb_dev_msc_msd.o
    0x00005830   0x00005830   0x00000030   Code   RO          364    i.msc_write         usb_dev_msc_msd.o
    0x00005860   0x00005860   0x00000024   Code   RO         3825    i.scsi_addressrangecheck  usb_dev_msc_scsi.o
    0x00005884   0x00005884   0x000000e8   Code   RO         3826    i.scsi_cmdprocess   usb_dev_msc_scsi.o
    0x0000596c   0x0000596c   0x00000058   Code   RO         3827    i.scsi_inquiry      usb_dev_msc_scsi.o
    0x000059c4   0x000059c4   0x00000028   Code   RO         3828    i.scsi_modesense10  usb_dev_msc_scsi.o
    0x000059ec   0x000059ec   0x0000002c   Code   RO         3829    i.scsi_modesense6   usb_dev_msc_scsi.o
    0x00005a18   0x00005a18   0x000000d0   Code   RO         3830    i.scsi_processread  usb_dev_msc_scsi.o
    0x00005ae8   0x00005ae8   0x000000e4   Code   RO         3831    i.scsi_processwrite  usb_dev_msc_scsi.o
    0x00005bcc   0x00005bcc   0x0000011c   Code   RO         3832    i.scsi_read10       usb_dev_msc_scsi.o
    0x00005ce8   0x00005ce8   0x00000088   Code   RO         3833    i.scsi_readcapacity10  usb_dev_msc_scsi.o
    0x00005d70   0x00005d70   0x00000088   Code   RO         3834    i.scsi_readformatcapacity  usb_dev_msc_scsi.o
    0x00005df8   0x00005df8   0x0000009c   Code   RO         3835    i.scsi_requestsense  usb_dev_msc_scsi.o
    0x00005e94   0x00005e94   0x0000003c   Code   RO         3836    i.scsi_sensecode    usb_dev_msc_scsi.o
    0x00005ed0   0x00005ed0   0x0000000c   Code   RO         3837    i.scsi_startstopuint  usb_dev_msc_scsi.o
    0x00005edc   0x00005edc   0x00000048   Code   RO         3838    i.scsi_testunitready  usb_dev_msc_scsi.o
    0x00005f24   0x00005f24   0x0000004c   Code   RO         3839    i.scsi_verify10     usb_dev_msc_scsi.o
    0x00005f70   0x00005f70   0x00000158   Code   RO         3840    i.scsi_write10      usb_dev_msc_scsi.o
    0x000060c8   0x000060c8   0x00000010   Code   RO         3737    i.usb_dev_msc_datain  usb_dev_msc_class.o
    0x000060d8   0x000060d8   0x00000010   Code   RO         3738    i.usb_dev_msc_dataout  usb_dev_msc_class.o
    0x000060e8   0x000060e8   0x0000001c   Code   RO         3739    i.usb_dev_msc_deinit  usb_dev_msc_class.o
    0x00006104   0x00006104   0x00000010   Code   RO         3740    i.usb_dev_msc_getcfgdesc  usb_dev_msc_class.o
    0x00006114   0x00006114   0x0000002a   Code   RO         3741    i.usb_dev_msc_init  usb_dev_msc_class.o
    0x0000613e   0x0000613e   0x00000002   PAD
    0x00006140   0x00006140   0x00000118   Code   RO         3742    i.usb_dev_msc_setup  usb_dev_msc_class.o
    0x00006258   0x00006258   0x0000000c   Code   RO          443    i.usb_dev_user_conn  usb_dev_user.o
    0x00006264   0x00006264   0x0000000c   Code   RO          444    i.usb_dev_user_devcfg  usb_dev_user.o
    0x00006270   0x00006270   0x0000000c   Code   RO          445    i.usb_dev_user_devresume  usb_dev_user.o
    0x0000627c   0x0000627c   0x0000000c   Code   RO          446    i.usb_dev_user_devsusp  usb_dev_user.o
    0x00006288   0x00006288   0x0000000c   Code   RO          447    i.usb_dev_user_disconn  usb_dev_user.o
    0x00006294   0x00006294   0x00000074   Code   RO          448    i.usb_dev_user_init  usb_dev_user.o
    0x00006308   0x00006308   0x0000000c   Code   RO          449    i.usb_dev_user_rst  usb_dev_user.o
    0x00006314   0x00006314   0x00000012   Code   RO         3432    i.usb_rdineptxfspcavail  usb_dev_int.o
    0x00006326   0x00006326   0x00000048   Data   RO          365    .constdata          usb_dev_msc_msd.o
    0x0000636e   0x0000636e   0x00000017   Data   RO         3801    .constdata          usb_dev_msc_data.o
    0x00006385   0x00006385   0x0000003e   Data   RO         4037    .constdata          virtualfat.o
    0x000063c3   0x000063c3   0x00000001   PAD
    0x000063c4   0x000063c4   0x00000020   Data   RO         4173    Region$$Table       anon$$obj.o


    Execution Region RW_IRAM1 (Exec base: 0x1fff8000, Load base: 0x000063e4, Size: 0x00005b08, Max: 0x0002f000, ABSOLUTE, COMPRESSED[0x000000f4])

    Exec Addr    Load Addr    Size         Type   Attr      Idx    E Section Name        Object

    0x1fff8000   COMPRESSED   0x00000008   Data   RW           15    .data               system_hc32f460.o
    0x1fff8008   COMPRESSED   0x00000010   Data   RW           89    .data               main.o
    0x1fff8018   COMPRESSED   0x00000032   Data   RW          294    .data               usb_dev_desc.o
    0x1fff804a   COMPRESSED   0x00000002   PAD
    0x1fff804c   COMPRESSED   0x00000028   Data   RW          366    .data               usb_dev_msc_msd.o
    0x1fff8074   COMPRESSED   0x0000001d   Data   RW          450    .data               usb_dev_user.o
    0x1fff8091   COMPRESSED   0x00000003   PAD
    0x1fff8094   COMPRESSED   0x00000004   Data   RW         1996    .data               hc32f460_exint_nmi_swi.o
    0x1fff8098   COMPRESSED   0x00000030   Data   RW         3167    .data               usb_dev_core.o
    0x1fff80c8   COMPRESSED   0x0000000d   Data   RW         3546    .data               usb_dev_stdreq.o
    0x1fff80d5   COMPRESSED   0x00000001   PAD
    0x1fff80d6   COMPRESSED   0x00000004   Data   RW         3654    .data               usb_dev_msc_bot.o
    0x1fff80da   COMPRESSED   0x00000002   PAD
    0x1fff80dc   COMPRESSED   0x00000050   Data   RW         3743    .data               usb_dev_msc_class.o
    0x1fff812c   COMPRESSED   0x00000004   PAD
    0x1fff8130   COMPRESSED   0x00000020   Data   RW         3842    .data               usb_dev_msc_scsi.o
    0x1fff8150   COMPRESSED   0x00000060   Data   RW         4038    .data               virtualfat.o
    0x1fff81b0        -       0x000004c4   Zero   RW           88    .bss                main.o
    0x1fff8674        -       0x00000040   Zero   RW          293    .bss                usb_dev_desc.o
    0x1fff86b4        -       0x00000200   Zero   RW         1156    .bss                hc32f460_interrupts.o
    0x1fff88b4        -       0x00003030   Zero   RW         3653    .bss                usb_dev_msc_bot.o
    0x1fffb8e4        -       0x00000020   Zero   RW         3841    .bss                usb_dev_msc_scsi.o
    0x1fffb904        -       0x00000200   Zero   RW         4036    .bss                virtualfat.o
    0x1fffbb04   COMPRESSED   0x00000004   PAD
    0x1fffbb08        -       0x00002000   Zero   RW            1    STACK               startup_hc32f460.o


==============================================================================

Image component sizes


      Code (inc. data)   RO Data    RW Data    ZI Data      Debug   Object Name

       212          0          0          0          0        803   ev_hc32f460_lqfp100_v2.o
      2936        608          0          0          0      13655   hc32f460_clk.o
       836        270          0          0          0       4760   hc32f460_efm.o
        88         56          0          4          0        777   hc32f460_exint_nmi_swi.o
      1256        258          0          0          0       7114   hc32f460_gpio.o
         0          0         32          0          0        625   hc32f460_icg.o
      3276        578          0          0        512      73973   hc32f460_interrupts.o
       204         60          0          0          0       1193   hc32f460_pwc.o
       464         74          0          0          0       3898   hc32f460_sram.o
        48          4          0          0          0       1495   hc32f460_utility.o
       542         34          0         16       1220      42862   main.o
        88         20        640          0       8192        836   startup_hc32f460.o
       244         36          0          8          0    1514041   system_hc32f460.o
       360         30          0          0          0      33929   usb_bsp.o
      4018         20          0          0          0      19514   usb_core_driver.o
       762          6          0         48          0      15025   usb_dev_core.o
       108          0          0          0          0       2934   usb_dev_ctrleptrans.o
       216        106          0         50         64       5073   usb_dev_desc.o
       824          0          0          0          0      12729   usb_dev_driver.o
      1750         52          0          0          0      18056   usb_dev_int.o
       736        124          0          4      12336       8639   usb_dev_msc_bot.o
       398         20          0         80          0       5016   usb_dev_msc_class.o
         0          0         23          0          0        869   usb_dev_msc_data.o
       152         18         72         40          0       8863   usb_dev_msc_msd.o
      2152        274          0         32         32      14554   usb_dev_msc_scsi.o
      1754         40          0         13          0      11560   usb_dev_stdreq.o
       190         42          0         29          0      34850   usb_dev_user.o
       584         56         62         96        512       6138   virtualfat.o
       104          0          0          0          0       1590   virtualflash.o

    ----------------------------------------------------------------------
     24328       2786        862        432      22872    1865371   Object Totals
         0          0         32          0          0          0   (incl. Generated)
        26          0          1         12          4          0   (incl. Padding)

    ----------------------------------------------------------------------

      Code (inc. data)   RO Data    RW Data    ZI Data      Debug   Library Member Name

        58          0          0          0          0          0   __dczerorl.o
         0          0          0          0          0          0   entry.o
         0          0          0          0          0          0   entry10a.o
         0          0          0          0          0          0   entry11a.o
         4          0          0          0          0          0   entry12b.o
         8          4          0          0          0          0   entry2.o
         4          0          0          0          0          0   entry5.o
         0          0          0          0          0          0   entry7b.o
         0          0          0          0          0          0   entry8b.o
         8          4          0          0          0          0   entry9a.o
        30          0          0          0          0          0   handlers.o
        36          8          0          0          0         68   init.o
        30          0          0          0          0         68   llshl.o
        32          0          0          0          0         68   llushr.o
        36          0          0          0          0         68   memcpya.o
        36          0          0          0          0        108   memseta.o
        98          0          0          0          0         92   uldiv.o

    ----------------------------------------------------------------------
       382         16          0          0          0        472   Library Totals
         2          0          0          0          0          0   (incl. Padding)

    ----------------------------------------------------------------------

      Code (inc. data)   RO Data    RW Data    ZI Data      Debug   Library Name

       380         16          0          0          0        472   mc_w.l

    ----------------------------------------------------------------------
       382         16          0          0          0        472   Library Totals

    ----------------------------------------------------------------------

==============================================================================


      Code (inc. data)   RO Data    RW Data    ZI Data      Debug   

     24710       2802        862        432      22872    1849123   Grand Totals
     24710       2802        862        244      22872    1849123   ELF Image Totals (compressed)
     24710       2802        862        244          0          0   ROM Totals

==============================================================================

    Total RO  Size (Code + RO Data)                25572 (  24.97kB)
    Total RW  Size (RW Data + ZI Data)             23304 (  22.76kB)
    Total ROM Size (Code + RO Data + RW Data)      25816 (  25.21kB)

==============================================================================

